******************************************************************************
            TI ARM Clang Linker PC v4.0.4                      
******************************************************************************
>> Linked Mon Jun 29 20:48:42 2026

OUTPUT FILE NAME:   <12way_car.out>
ENTRY POINT SYMBOL: "_c_int00_noargs"  address: 000035e1


MEMORY CONFIGURATION

         name            origin    length      used     unused   attr    fill
----------------------  --------  ---------  --------  --------  ----  --------
  FLASH                 00000000   00020000  00003b30  0001c4d0  R  X
  SRAM                  20200000   00008000  00000e5d  000071a3  RW X
  BCR_CONFIG            41c00000   000000ff  00000000  000000ff  R   
  BSL_CONFIG            41c00100   00000080  00000000  00000080  R   


SEGMENT ALLOCATION MAP

run origin  load origin   length   init length attrs members
----------  ----------- ---------- ----------- ----- -------
00000000    00000000    00003b30   00003b30    r-x
  00000000    00000000    000000c0   000000c0    r-- .intvecs
  000000c0    000000c0    00003840   00003840    r-x .text
  00003900    00003900    00000190   00000190    r-- .rodata
  00003a90    00003a90    000000a0   000000a0    r-- .cinit
20200000    20200000    00000c60   00000000    rw-
  20200000    20200000    00000800   00000000    rw- .sysmem
  20200800    20200800    00000291   00000000    rw- .data
  20200a94    20200a94    000001cc   00000000    rw- .bss
20207e00    20207e00    00000200   00000000    rw-
  20207e00    20207e00    00000200   00000000    rw- .stack


SECTION ALLOCATION MAP

 output                                  attributes/
section   page    origin      length       input sections
--------  ----  ----------  ----------   ----------------
.intvecs   0    00000000    000000c0     
                  00000000    000000c0     startup_mspm0g350x_ticlang.o (.intvecs)

.text      0    000000c0    00003840     
                  000000c0    000009d0     libc.a : _printfi.c.obj (.text:__TI_printfi)
                  00000a90    00000220            : _printfi.c.obj (.text._pconv_a)
                  00000cb0    000001dc            : _printfi.c.obj (.text._pconv_g)
                  00000e8c    00000192     libclang_rt.builtins.a : adddf3.S.obj (.text.adddf3_subdf3)
                  0000101e    00000002     startup_mspm0g350x_ticlang.o (.text.Default_Handler)
                  00001020    0000016c     pid.o (.text.PID_CalculatePosition)
                  0000118c    00000148     pid.o (.text.PID_Update)
                  000012d4    0000013c     libc.a : _printfi.c.obj (.text.fcvt)
                  00001410    00000134     pid.o (.text.PID_Compute)
                  00001544    00000120     libc.a : _printfi.c.obj (.text._pconv_e)
                  00001664    00000114            : memory.c.obj (.text.aligned_alloc)
                  00001778    0000010c     libclang_rt.builtins.a : divdf3.S.obj (.text.__divdf3)
                  00001884    00000104     driverlib.a : dl_timer.o (.text.DL_Timer_initFourCCPWMMode)
                  00001988    000000f8     libc.a : fputs.c.obj (.text.fputs)
                  00001a80    000000e8            : memory.c.obj (.text.free)
                  00001b68    000000e4     libclang_rt.builtins.a : muldf3.S.obj (.text.__muldf3)
                  00001c4c    000000e0     libc.a : setvbuf.c.obj (.text.setvbuf)
                  00001d2c    000000d8            : s_scalbn.c.obj (.text.scalbn)
                  00001e04    000000d8     libclang_rt.builtins.a : addsf3.S.obj (.text)
                  00001edc    000000bc     empty.o (.text.main)
                  00001f98    000000a2     libclang_rt.builtins.a : udivmoddi4.S.obj (.text)
                  0000203a    00000002                            : aeabi_div0.c.obj (.text.__aeabi_idiv0)
                  0000203c    0000009c     pid.o (.text.PID_Init)
                  000020d8    0000009c     libc.a : fputc.c.obj (.text.fputc)
                  00002174    0000009a            : memcpy16.S.obj (.text:memcpy)
                  0000220e    00000002     libclang_rt.builtins.a : aeabi_div0.c.obj (.text.__aeabi_ldiv0)
                  00002210    00000090     ti_msp_dl_config.o (.text.SYSCFG_DL_GPIO_init)
                  000022a0    0000008c     ti_msp_dl_config.o (.text.SYSCFG_DL_PWM_0_init)
                  0000232c    0000008c     libclang_rt.builtins.a : mulsf3.S.obj (.text.__mulsf3)
                  000023b8    00000008     libc.a : aeabi_portable.c.obj (.text.__aeabi_errno_addr)
                  000023c0    00000088            : strcmp-armv6m.S.obj (.text:strcmp)
                  00002448    00000082     libclang_rt.builtins.a : divsf3.S.obj (.text.__divsf3)
                  000024ca    00000002     libc.a : _lock.c.obj (.text._nop)
                  000024cc    0000007c            : fclose.c.obj (.text.__TI_closefile)
                  00002548    0000007c            : copy_decompress_lzss.c.obj (.text:decompress:lzss)
                  000025c4    00000074     libclang_rt.builtins.a : comparedf2.c.obj (.text.__gedf2)
                  00002638    0000006c     grayscale.o (.text.Grayscale_ReadAll)
                  000026a4    0000006c     libsysbm.a : hostlseek.c.obj (.text.HOSTlseek)
                  00002710    0000006c                : hostrename.c.obj (.text.HOSTrename)
                  0000277c    0000006c     libc.a : fseek.c.obj (.text.fseeko)
                  000027e8    0000006c            : getdevice.c.obj (.text.getdevice)
                  00002854    00000068     libclang_rt.builtins.a : comparedf2.c.obj (.text.__ledf2)
                  000028bc    00000066     libc.a : _printfi.c.obj (.text._mcpy)
                  00002922    00000064            : _io_perm.c.obj (.text.__TI_wrt_ok)
                  00002986    00000002     --HOLE-- [fill = 0]
                  00002988    00000064            : memory.c.obj (.text.split)
                  000029ec    00000062     libclang_rt.builtins.a : aeabi_dcmp.S.obj (.text.__aeabi_dcmp)
                  00002a4e    00000002     --HOLE-- [fill = 0]
                  00002a50    00000062                            : aeabi_fcmp.S.obj (.text.__aeabi_fcmp)
                  00002ab2    00000062     libc.a : memset16.S.obj (.text:memset)
                  00002b14    00000060     libsysbm.a : hostopen.c.obj (.text.HOSTopen)
                  00002b74    00000060     ti_msp_dl_config.o (.text.SYSCFG_DL_UART_0_init)
                  00002bd4    0000005c     libc.a : s_frexp.c.obj (.text.frexp)
                  00002c30    0000005c            : printf.c.obj (.text.printf)
                  00002c8c    00000058     libsysbm.a : hostread.c.obj (.text.HOSTread)
                  00002ce4    00000058                : hostwrite.c.obj (.text.HOSTwrite)
                  00002d3c    00000058     libc.a : _ltoa.c.obj (.text.__TI_ltoa)
                  00002d94    00000058            : _printfi.c.obj (.text._pconv_f)
                  00002dec    00000056     libclang_rt.builtins.a : aeabi_idivmod.S.obj (.text.__aeabi_idivmod)
                  00002e42    00000052     libc.a : fflush.c.obj (.text.__TI_doflush)
                  00002e94    00000052            : _printfi.c.obj (.text._ecpy)
                  00002ee6    00000002     --HOLE-- [fill = 0]
                  00002ee8    00000050     libsysbm.a : close.c.obj (.text.close)
                  00002f38    0000004a     libclang_rt.builtins.a : fixdfsi.S.obj (.text.__fixdfsi)
                  00002f82    00000002     --HOLE-- [fill = 0]
                  00002f84    00000048     driverlib.a : dl_uart.o (.text.DL_UART_init)
                  00002fcc    00000048     libsysbm.a : hostclose.c.obj (.text.HOSTclose)
                  00003014    00000048                : hostunlink.c.obj (.text.HOSTunlink)
                  0000305c    00000044     usart.o (.text.UART0_IRQHandler)
                  000030a0    00000040     motor.o (.text.Motor_SetSpeed)
                  000030e0    00000040     ti_msp_dl_config.o (.text.SYSCFG_DL_SYSCTL_init)
                  00003120    00000040     ti_msp_dl_config.o (.text.SYSCFG_DL_initPower)
                  00003160    00000040     libclang_rt.builtins.a : aeabi_uidivmod.S.obj (.text.__aeabi_uidivmod)
                  000031a0    00000040                            : extendsfdf2.S.obj (.text.__extendsfdf2)
                  000031e0    00000040     libc.a : atoi.c.obj (.text.atoi)
                  00003220    0000003c     libclang_rt.builtins.a : comparesf2.S.obj (.text.__gtsf2)
                  0000325c    0000003c     delay.o (.text.delay_us)
                  00003298    0000003c     libc.a : autoinit.c.obj (.text:__TI_auto_init_nobinit_nopinit)
                  000032d4    0000003a     libclang_rt.builtins.a : comparesf2.S.obj (.text.__eqsf2)
                  0000330e    00000002     --HOLE-- [fill = 0]
                  00003310    0000003a                            : muldsi3.S.obj (.text.__muldsi3)
                  0000334a    00000002     --HOLE-- [fill = 0]
                  0000334c    00000038                            : fixsfsi.S.obj (.text.__fixsfsi)
                  00003384    00000034     libc.a : fopen.c.obj (.text.__TI_cleanup)
                  000033b8    00000034     libsysbm.a : trgmsg.c.obj (.text.__TI_readmsg)
                  000033ec    00000034                : trgmsg.c.obj (.text.__TI_writemsg)
                  00003420    00000034     libc.a : exit.c.obj (.text.exit)
                  00003454    00000034            : getdevice.c.obj (.text.finddevice)
                  00003488    00000030     motor.o (.text.Motor_Init)
                  000034b8    00000030     libc.a : _printfi.c.obj (.text._fcpy)
                  000034e8    0000002c     libclang_rt.builtins.a : floatsidf.S.obj (.text.__floatsidf)
                  00003514    0000002c     libsysbm.a : unlink.c.obj (.text.unlink)
                  00003540    00000028     libclang_rt.builtins.a : floatunsisf.S.obj (.text.__floatunsisf)
                  00003568    00000028     libc.a : memory.c.obj (.text.free_list_insert)
                  00003590    00000028     libsysbm.a : lseek.c.obj (.text.lseek)
                  000035b8    00000028                : write.c.obj (.text.write)
                  000035e0    00000028     libc.a : boot_cortex_m.c.obj (.text:_c_int00_noargs)
                  00003608    00000024     libclang_rt.builtins.a : muldi3.S.obj (.text.__muldi3)
                  0000362c    00000024     libc.a : fputs.c.obj (.text.puts)
                  00003650    00000022            : memccpy.c.obj (.text.memccpy)
                  00003672    00000002     --HOLE-- [fill = 0]
                  00003674    00000020     motor.o (.text.Motor_Stop)
                  00003694    0000001e     libclang_rt.builtins.a : ashldi3.S.obj (.text.__ashldi3)
                  000036b2    00000002     --HOLE-- [fill = 0]
                  000036b4    0000001c     driverlib.a : dl_timer.o (.text.DL_Timer_setCaptCompUpdateMethod)
                  000036d0    0000001c                 : dl_timer.o (.text.DL_Timer_setClockConfig)
                  000036ec    0000001c     ti_msp_dl_config.o (.text.SYSCFG_DL_SYSTICK_init)
                  00003708    0000001c     ti_msp_dl_config.o (.text.SYSCFG_DL_init)
                  00003724    0000001c     libc.a : memory.c.obj (.text.free_list_remove)
                  00003740    00000018     driverlib.a : dl_timer.o (.text.DL_Timer_setCaptureCompareOutCtl)
                  00003758    00000018     usart.o (.text.USART_Init)
                  00003770    00000016     libc.a : copy_zero_init.c.obj (.text:decompress:ZI:__TI_zero_init_nomemset)
                  00003786    00000002     --HOLE-- [fill = 0]
                  00003788    00000014     libclang_rt.builtins.a : aeabi_uldivmod.S.obj (.text.__aeabi_uldivmod)
                  0000379c    00000014     libc.a : _printfi.c.obj (.text.strchr)
                  000037b0    00000012     driverlib.a : dl_uart.o (.text.DL_UART_setClockConfig)
                  000037c2    00000012     libc.a : copy_decompress_none.c.obj (.text:decompress:none)
                  000037d4    00000010     driverlib.a : dl_timer.o (.text.DL_Timer_setCaptureCompareValue)
                  000037e4    00000010     libc.a : wcslen.c.obj (.text.wcslen)
                  000037f4    0000000e            : memory.c.obj (.text.OUTLINED_FUNCTION_0)
                  00003802    00000002     --HOLE-- [fill = 0]
                  00003804    0000000e     libclang_rt.builtins.a : aeabi_memset.S.obj (.text.__aeabi_memset)
                  00003812    0000000e     libsysbm.a : hostrename.c.obj (.text.strcpy)
                  00003820    0000000e     libc.a : _printfi.c.obj (.text.strlen)
                  0000382e    0000000e     libsysbm.a : hostrename.c.obj (.text.strlen)
                  0000383c    0000000c     pid.o (.text.PID_GetError)
                  00003848    0000000c     pid.o (.text.PID_GetFilteredPosition)
                  00003854    0000000c     pid.o (.text.PID_GetIntegral)
                  00003860    0000000c     pid.o (.text.PID_GetOutput)
                  0000386c    0000000c     pid.o (.text.PID_IsLineLost)
                  00003878    0000000c     libclang_rt.builtins.a : aeabi_memset.S.obj (.text.__aeabi_memclr)
                  00003884    0000000c     libc.a : memory.c.obj (.text.malloc)
                  00003890    0000000a     driverlib.a : dl_common.o (.text.DL_Common_delayCycles)
                  0000389a    0000000a     libc.a : _printfi.c.obj (.text.OUTLINED_FUNCTION_0)
                  000038a4    00000010     libclang_rt.builtins.a : adddf3.S.obj (.tramp.__aeabi_dsub.1)
                  000038b4    0000000a     libc.a : _printfi.c.obj (.text.OUTLINED_FUNCTION_1)
                  000038be    00000002     --HOLE-- [fill = 0]
                  000038c0    00000008     libclang_rt.builtins.a : aeabi_memcpy.S.obj (.text.__aeabi_memcpy)
                  000038c8    00000008     libc.a : printf.c.obj (.text._outc)
                  000038d0    00000008            : printf.c.obj (.text._outs)
                  000038d8    00000008            : fseek.c.obj (.text.fseek)
                  000038e0    00000008     libsysbm.a : remove.c.obj (.text.remove)
                  000038e8    00000006     libc.a : exit.c.obj (.text:abort)
                  000038ee    00000004     libsysbm.a : hostexit.c.obj (.text.HOSTexit)
                  000038f2    00000004     startup_mspm0g350x_ticlang.o (.text.Reset_Handler)
                  000038f6    00000004     libc.a : pre_init.c.obj (.text._system_pre_init)
                  000038fa    00000006     --HOLE-- [fill = 0]

.cinit     0    00003a90    000000a0     
                  00003a90    00000077     (.cinit..data.load) [load image, compression = lzss]
                  00003b07    00000001     --HOLE-- [fill = 0]
                  00003b08    0000000c     (__TI_handler_table)
                  00003b14    00000008     (.cinit..bss.load) [load image, compression = zero_init]
                  00003b1c    00000010     (__TI_cinit_table)
                  00003b2c    00000004     --HOLE-- [fill = 0]

.rodata    0    00003900    00000190     
                  00003900    00000101     libc.a : aeabi_ctype.S.obj (.rodata:__aeabi_ctype_table_)
                  00003a01    0000002e     empty.o (.rodata.str1.254342170260855183.1)
                  00003a2f    0000001a     empty.o (.rodata.str1.8138751173933995641.1)
                  00003a49    00000011     libc.a : _printfi.c.obj (.rodata.str1.10348868589481759720.1)
                  00003a5a    00000011            : _printfi.c.obj (.rodata.str1.15363888844622738466.1)
                  00003a6b    00000001     --HOLE-- [fill = 0]
                  00003a6c    0000000a     ti_msp_dl_config.o (.rodata.gUART_0Config)
                  00003a76    00000002     ti_msp_dl_config.o (.rodata.gUART_0ClockConfig)
                  00003a78    00000008     ti_msp_dl_config.o (.rodata.gPWM_0Config)
                  00003a80    00000003     ti_msp_dl_config.o (.rodata.gPWM_0ClockConfig)
                  00003a83    00000002     libc.a : fputs.c.obj (.rodata.str1.16607721268415185390.1)
                  00003a85    0000000b     --HOLE-- [fill = 0]

.init_array 
*          0    00000000    00000000     UNINITIALIZED

.binit     0    00000000    00000000     

.sysmem    0    20200000    00000800     UNINITIALIZED
                  20200000    00000010     libc.a : memory.c.obj (.sysmem)
                  20200010    000007f0     --HOLE--

.data      0    20200800    00000291     UNINITIALIZED
                  20200800    000000f0     libc.a : defs.c.obj (.data._ftable)
                  202008f0    00000080     usart.o (.data.recv0_buff)
                  20200970    00000078     libsysbm.a : host_device.c.obj (.data._device)
                  202009e8    00000050                : host_device.c.obj (.data._stream)
                  20200a38    00000008     libc.a : exit.c.obj (.data..L_MergedGlobals)
                  20200a40    00000004            : defs.c.obj (.data.__TI_ft_end)
                  20200a44    00000004            : aeabi_portable.c.obj (.data.__aeabi_errno)
                  20200a48    00000004            : _lock.c.obj (.data._lock)
                  20200a4c    00000004            : _lock.c.obj (.data._unlock)
                  20200a50    00000004     pid.o (.data.gBaseSpeed)
                  20200a54    00000004     pid.o (.data.gDerivative)
                  20200a58    00000004     pid.o (.data.gError)
                  20200a5c    00000004     pid.o (.data.gFilteredPos)
                  20200a60    00000004     pid.o (.data.gIntegral)
                  20200a64    00000004     pid.o (.data.gIntegralLimit)
                  20200a68    00000004     pid.o (.data.gKd)
                  20200a6c    00000004     pid.o (.data.gKi)
                  20200a70    00000004     pid.o (.data.gKp)
                  20200a74    00000004     pid.o (.data.gLastValidPos)
                  20200a78    00000004     pid.o (.data.gOutput)
                  20200a7c    00000004     pid.o (.data.gOutputLimit)
                  20200a80    00000004     pid.o (.data.gPrevError)
                  20200a84    00000004     pid.o (.data.gTrim)
                  20200a88    00000002     empty.o (.data.main.debug_cnt)
                  20200a8a    00000002     usart.o (.data.recv0_length)
                  20200a8c    00000001     pid.o (.data.gFilterInit)
                  20200a8d    00000001     pid.o (.data.gLineLost)
                  20200a8e    00000001     pid.o (.data.gPrevLineLost)
                  20200a8f    00000001     usart.o (.data.recv0_flag)
                  20200a90    00000001     libc.a : memory.c.obj (.data.memory_is_initialized)

.bss       0    20200a94    000001cc     UNINITIALIZED
                  20200a94    00000120     libsysbm.a : trgmsg.c.obj (.bss:_CIOBUF_)
                  20200bb4    000000a0     libc.a : defs.c.obj (.bss.__TI_tmpnams)
                  20200c54    00000008     libsysbm.a : hostopen.c.obj (.bss.parmbuf)
                  20200c5c    00000004     libc.a : memory.c.obj (.bss.sys_free)

.stack     0    20207e00    00000200     UNINITIALIZED
                  20207e00    00000004     libc.a : boot_cortex_m.c.obj (.stack)
                  20207e04    000001fc     --HOLE--

__llvm_prf_cnts 
*          0    20200000    00000000     UNINITIALIZED

__llvm_prf_bits 
*          0    20200000    00000000     UNINITIALIZED

MODULE SUMMARY

       Module                         code    ro data   rw data
       ------                         ----    -------   -------
    .\
       pid.o                          1216    0         59     
       ti_msp_dl_config.o             564     23        0      
       empty.o                        188     72        2      
       usart.o                        92      0         131    
       startup_mspm0g350x_ticlang.o   6       192       0      
       motor.o                        144     0         0      
       grayscale.o                    108     0         0      
       delay.o                        60      0         0      
    +--+------------------------------+-------+---------+---------+
       Total:                         2378    287       192    
                                                               
    D:/ti/mspm0_sdk_2_10_00_04/source/ti/driverlib/lib/ticlang/m0p/mspm0g1x0x_g3x0x/driverlib.a
       dl_timer.o                     356     0         0      
       dl_uart.o                      90      0         0      
       dl_common.o                    10      0         0      
    +--+------------------------------+-------+---------+---------+
       Total:                         456     0         0      
                                                               
    D:\ti\ccs2050\ccs\tools\compiler\ti-cgt-armllvm_4.0.4.LTS\lib\armv6m-ti-none-eabi/c/libc.a
       _printfi.c.obj                 4510    34        0      
       memory.c.obj                   702     0         5      
       defs.c.obj                     0       0         404    
       fputs.c.obj                    284     2         0      
       aeabi_ctype.S.obj              0       257       0      
       setvbuf.c.obj                  224     0         0      
       s_scalbn.c.obj                 216     0         0      
       getdevice.c.obj                160     0         0      
       fputc.c.obj                    156     0         0      
       memcpy16.S.obj                 154     0         0      
       strcmp-armv6m.S.obj            136     0         0      
       copy_decompress_lzss.c.obj     124     0         0      
       fclose.c.obj                   124     0         0      
       fseek.c.obj                    116     0         0      
       printf.c.obj                   108     0         0      
       _io_perm.c.obj                 100     0         0      
       memset16.S.obj                 98      0         0      
       s_frexp.c.obj                  92      0         0      
       _ltoa.c.obj                    88      0         0      
       fflush.c.obj                   82      0         0      
       exit.c.obj                     58      0         8      
       atoi.c.obj                     64      0         0      
       autoinit.c.obj                 60      0         0      
       fopen.c.obj                    52      0         0      
       boot_cortex_m.c.obj            40      0         0      
       memccpy.c.obj                  34      0         0      
       copy_zero_init.c.obj           22      0         0      
       copy_decompress_none.c.obj     18      0         0      
       wcslen.c.obj                   16      0         0      
       aeabi_portable.c.obj           8       0         4      
       _lock.c.obj                    2       0         8      
       pre_init.c.obj                 4       0         0      
    +--+------------------------------+-------+---------+---------+
       Total:                         7852    293       429    
                                                               
    D:\ti\ccs2050\ccs\tools\compiler\ti-cgt-armllvm_4.0.4.LTS\lib\armv6m-ti-none-eabi/c/libsysbm.a
       trgmsg.c.obj                   104     0         288    
       host_device.c.obj              0       0         200    
       hostrename.c.obj               136     0         0      
       hostlseek.c.obj                108     0         0      
       hostopen.c.obj                 96      0         8      
       hostread.c.obj                 88      0         0      
       hostwrite.c.obj                88      0         0      
       close.c.obj                    80      0         0      
       hostclose.c.obj                72      0         0      
       hostunlink.c.obj               72      0         0      
       unlink.c.obj                   44      0         0      
       lseek.c.obj                    40      0         0      
       write.c.obj                    40      0         0      
       remove.c.obj                   8       0         0      
       hostexit.c.obj                 4       0         0      
    +--+------------------------------+-------+---------+---------+
       Total:                         980     0         496    
                                                               
    D:\ti\ccs2050\ccs\tools\compiler\ti-cgt-armllvm_4.0.4.LTS\lib\armv6m-ti-none-eabi/libclang_rt.builtins.a
       adddf3.S.obj                   418     0         0      
       divdf3.S.obj                   268     0         0      
       muldf3.S.obj                   228     0         0      
       comparedf2.c.obj               220     0         0      
       addsf3.S.obj                   216     0         0      
       udivmoddi4.S.obj               162     0         0      
       mulsf3.S.obj                   140     0         0      
       divsf3.S.obj                   130     0         0      
       comparesf2.S.obj               118     0         0      
       aeabi_dcmp.S.obj               98      0         0      
       aeabi_fcmp.S.obj               98      0         0      
       aeabi_idivmod.S.obj            86      0         0      
       fixdfsi.S.obj                  74      0         0      
       aeabi_uidivmod.S.obj           64      0         0      
       extendsfdf2.S.obj              64      0         0      
       muldsi3.S.obj                  58      0         0      
       fixsfsi.S.obj                  56      0         0      
       floatsidf.S.obj                44      0         0      
       floatunsisf.S.obj              40      0         0      
       muldi3.S.obj                   36      0         0      
       ashldi3.S.obj                  30      0         0      
       aeabi_memset.S.obj             26      0         0      
       aeabi_uldivmod.S.obj           20      0         0      
       aeabi_memcpy.S.obj             8       0         0      
       aeabi_div0.c.obj               4       0         0      
    +--+------------------------------+-------+---------+---------+
       Total:                         2706    0         0      
                                                               
       Heap:                          0       0         2048   
       Stack:                         0       0         512    
       Linker Generated:              0       155       0      
    +--+------------------------------+-------+---------+---------+
       Grand Total:                   14372   735       3677   


LINKER GENERATED COPY TABLES

__TI_cinit_table @ 00003b1c records: 2, size/record: 8, table size: 16
	.data: load addr=00003a90, load size=00000077 bytes, run addr=20200800, run size=00000291 bytes, compression=lzss
	.bss: load addr=00003b14, load size=00000008 bytes, run addr=20200a94, run size=000001cc bytes, compression=zero_init


LINKER GENERATED HANDLER TABLE

__TI_handler_table @ 00003b08 records: 3, size/record: 4, table size: 12
	index: 0, handler: __TI_decompress_lzss
	index: 1, handler: __TI_decompress_none
	index: 2, handler: __TI_zero_init


FAR CALL TRAMPOLINES

callee name               trampoline name
   callee addr  tramp addr   call addr  call info
--------------  -----------  ---------  ----------------
__aeabi_dsub              $Tramp$TT$L$PI$$__aeabi_dsub
   00000e8d     000038a4     000038a2   libc.a : _printfi.c.obj (.text.OUTLINED_FUNCTION_0)

[1 trampolines]
[1 trampoline calls]


GLOBAL SYMBOLS: SORTED ALPHABETICALLY BY Name 

address   name                            
-------   ----                            
0000101f  ADC0_IRQHandler                 
0000101f  ADC1_IRQHandler                 
0000101f  AES_IRQHandler                  
000038ee  C$$EXIT                         
00003419  C$$IO$$                         
0000101f  CANFD0_IRQHandler               
0000101f  DAC0_IRQHandler                 
00003891  DL_Common_delayCycles           
00001885  DL_Timer_initFourCCPWMMode      
000036b5  DL_Timer_setCaptCompUpdateMethod
00003741  DL_Timer_setCaptureCompareOutCtl
000037d5  DL_Timer_setCaptureCompareValue 
000036d1  DL_Timer_setClockConfig         
00002f85  DL_UART_init                    
000037b1  DL_UART_setClockConfig          
0000101f  DMA_IRQHandler                  
0000101f  Default_Handler                 
0000101f  GROUP0_IRQHandler               
0000101f  GROUP1_IRQHandler               
00002639  Grayscale_ReadAll               
00002fcd  HOSTclose                       
000038ef  HOSTexit                        
000026a5  HOSTlseek                       
00002b15  HOSTopen                        
00002c8d  HOSTread                        
00002711  HOSTrename                      
00003015  HOSTunlink                      
00002ce5  HOSTwrite                       
0000101f  HardFault_Handler               
0000101f  I2C0_IRQHandler                 
0000101f  I2C1_IRQHandler                 
00003489  Motor_Init                      
000030a1  Motor_SetSpeed                  
00003675  Motor_Stop                      
0000101f  NMI_Handler                     
00001021  PID_CalculatePosition           
00001411  PID_Compute                     
0000383d  PID_GetError                    
00003849  PID_GetFilteredPosition         
00003855  PID_GetIntegral                 
00003861  PID_GetOutput                   
0000203d  PID_Init                        
0000386d  PID_IsLineLost                  
0000118d  PID_Update                      
0000101f  PendSV_Handler                  
0000101f  RTC_IRQHandler                  
000038f3  Reset_Handler                   
0000101f  SPI0_IRQHandler                 
0000101f  SPI1_IRQHandler                 
0000101f  SVC_Handler                     
00002211  SYSCFG_DL_GPIO_init             
000022a1  SYSCFG_DL_PWM_0_init            
000030e1  SYSCFG_DL_SYSCTL_init           
000036ed  SYSCFG_DL_SYSTICK_init          
00002b75  SYSCFG_DL_UART_0_init           
00003709  SYSCFG_DL_init                  
00003121  SYSCFG_DL_initPower             
0000101f  SysTick_Handler                 
0000101f  TIMA0_IRQHandler                
0000101f  TIMA1_IRQHandler                
0000101f  TIMG0_IRQHandler                
0000101f  TIMG12_IRQHandler               
0000101f  TIMG6_IRQHandler                
0000101f  TIMG7_IRQHandler                
0000101f  TIMG8_IRQHandler                
0000305d  UART0_IRQHandler                
0000101f  UART1_IRQHandler                
0000101f  UART2_IRQHandler                
0000101f  UART3_IRQHandler                
00003759  USART_Init                      
20200a94  _CIOBUF_                        
20200a94  __CIOBUF_                       
20208000  __STACK_END                     
00000200  __STACK_SIZE                    
00000800  __SYSMEM_SIZE                   
00000000  __TI_ATRegion0_region_sz        
00000000  __TI_ATRegion0_src_addr         
00000000  __TI_ATRegion0_trg_addr         
00000000  __TI_ATRegion1_region_sz        
00000000  __TI_ATRegion1_src_addr         
00000000  __TI_ATRegion1_trg_addr         
00000000  __TI_ATRegion2_region_sz        
00000000  __TI_ATRegion2_src_addr         
00000000  __TI_ATRegion2_trg_addr         
00003b1c  __TI_CINIT_Base                 
00003b2c  __TI_CINIT_Limit                
00003b2c  __TI_CINIT_Warm                 
00003b08  __TI_Handler_Table_Base         
00003b14  __TI_Handler_Table_Limit        
00003299  __TI_auto_init_nobinit_nopinit  
00003385  __TI_cleanup                    
20200a38  __TI_cleanup_ptr                
000024cd  __TI_closefile                  
00002549  __TI_decompress_lzss            
000037c3  __TI_decompress_none            
00002e43  __TI_doflush                    
20200a3c  __TI_dtors_ptr                  
20200a40  __TI_ft_end                     
00002d3d  __TI_ltoa                       
ffffffff  __TI_pprof_out_hndl             
000000c1  __TI_printfi                    
ffffffff  __TI_prof_data_size             
ffffffff  __TI_prof_data_start            
000033b9  __TI_readmsg                    
00000000  __TI_static_base__              
20200bb4  __TI_tmpnams                    
000033ed  __TI_writemsg                   
00002923  __TI_wrt_ok                     
00003771  __TI_zero_init_nomemset         
00000e97  __adddf3                        
00001e0f  __addsf3                        
00003900  __aeabi_ctype_table_            
00003900  __aeabi_ctype_table_C           
00002f39  __aeabi_d2iz                    
00000e97  __aeabi_dadd                    
000029ed  __aeabi_dcmpeq                  
00002a29  __aeabi_dcmpge                  
00002a3d  __aeabi_dcmpgt                  
00002a15  __aeabi_dcmple                  
00002a01  __aeabi_dcmplt                  
00001779  __aeabi_ddiv                    
00001b69  __aeabi_dmul                    
00000e8d  __aeabi_dsub                    
20200a44  __aeabi_errno                   
000023b9  __aeabi_errno_addr              
000031a1  __aeabi_f2d                     
0000334d  __aeabi_f2iz                    
00001e0f  __aeabi_fadd                    
00002a51  __aeabi_fcmpeq                  
00002a8d  __aeabi_fcmpge                  
00002aa1  __aeabi_fcmpgt                  
00002a79  __aeabi_fcmple                  
00002a65  __aeabi_fcmplt                  
00002449  __aeabi_fdiv                    
0000232d  __aeabi_fmul                    
00001e05  __aeabi_fsub                    
000034e9  __aeabi_i2d                     
00002ded  __aeabi_idiv                    
0000203b  __aeabi_idiv0                   
00002ded  __aeabi_idivmod                 
0000220f  __aeabi_ldiv0                   
00003695  __aeabi_llsl                    
00003609  __aeabi_lmul                    
00003879  __aeabi_memclr                  
00003879  __aeabi_memclr4                 
00003879  __aeabi_memclr8                 
000038c1  __aeabi_memcpy                  
000038c1  __aeabi_memcpy4                 
000038c1  __aeabi_memcpy8                 
00003805  __aeabi_memset                  
00003805  __aeabi_memset4                 
00003805  __aeabi_memset8                 
00003541  __aeabi_ui2f                    
00003161  __aeabi_uidiv                   
00003161  __aeabi_uidivmod                
00003789  __aeabi_uldivmod                
00003695  __ashldi3                       
ffffffff  __binit__                       
00002855  __cmpdf2                        
000032d5  __cmpsf2                        
00001779  __divdf3                        
00002449  __divsf3                        
00002855  __eqdf2                         
000032d5  __eqsf2                         
000031a1  __extendsfdf2                   
00002f39  __fixdfsi                       
0000334d  __fixsfsi                       
000034e9  __floatsidf                     
00003541  __floatunsisf                   
000025c5  __gedf2                         
00003221  __gesf2                         
000025c5  __gtdf2                         
00003221  __gtsf2                         
00002855  __ledf2                         
000032d5  __lesf2                         
00002855  __ltdf2                         
000032d5  __ltsf2                         
UNDEFED   __mpu_init                      
00001b69  __muldf3                        
00003609  __muldi3                        
00003311  __muldsi3                       
0000232d  __mulsf3                        
00002855  __nedf2                         
000032d5  __nesf2                         
20207e00  __stack                         
20200000  __start___llvm_prf_bits         
20200000  __start___llvm_prf_cnts         
20200000  __stop___llvm_prf_bits          
20200000  __stop___llvm_prf_cnts          
00000e8d  __subdf3                        
00001e05  __subsf3                        
00001f99  __udivmoddi4                    
000035e1  _c_int00_noargs                 
20200970  _device                         
20200800  _ftable                         
20200a48  _lock                           
000024cb  _nop                            
202009e8  _stream                         
20200000  _sys_memory                     
UNDEFED   _system_post_cinit              
000038f7  _system_pre_init                
20200a4c  _unlock                         
000038e9  abort                           
00001665  aligned_alloc                   
000031e1  atoi                            
ffffffff  binit                           
00002ee9  close                           
0000325d  delay_us                        
00003421  exit                            
00003455  finddevice                      
000020d9  fputc                           
00001989  fputs                           
00001a81  free                            
00002bd5  frexp                           
00002bd5  frexpl                          
000038d9  fseek                           
0000277d  fseeko                          
000027e9  getdevice                       
00000000  interruptVectors                
00001d2d  ldexp                           
00001d2d  ldexpl                          
00003591  lseek                           
00001edd  main                            
00003885  malloc                          
00001665  memalign                        
00003651  memccpy                         
00002175  memcpy                          
00002ab3  memset                          
20200c54  parmbuf                         
00002c31  printf                          
0000362d  puts                            
202008f0  recv0_buff                      
20200a8f  recv0_flag                      
20200a8a  recv0_length                    
000038e1  remove                          
00001d2d  scalbn                          
00001d2d  scalbnl                         
00001c4d  setvbuf                         
000023c1  strcmp                          
00003515  unlink                          
000037e5  wcslen                          
000035b9  write                           


GLOBAL SYMBOLS: SORTED BY Symbol Address 

address   name                            
-------   ----                            
00000000  __TI_ATRegion0_region_sz        
00000000  __TI_ATRegion0_src_addr         
00000000  __TI_ATRegion0_trg_addr         
00000000  __TI_ATRegion1_region_sz        
00000000  __TI_ATRegion1_src_addr         
00000000  __TI_ATRegion1_trg_addr         
00000000  __TI_ATRegion2_region_sz        
00000000  __TI_ATRegion2_src_addr         
00000000  __TI_ATRegion2_trg_addr         
00000000  __TI_static_base__              
00000000  interruptVectors                
000000c1  __TI_printfi                    
00000200  __STACK_SIZE                    
00000800  __SYSMEM_SIZE                   
00000e8d  __aeabi_dsub                    
00000e8d  __subdf3                        
00000e97  __adddf3                        
00000e97  __aeabi_dadd                    
0000101f  ADC0_IRQHandler                 
0000101f  ADC1_IRQHandler                 
0000101f  AES_IRQHandler                  
0000101f  CANFD0_IRQHandler               
0000101f  DAC0_IRQHandler                 
0000101f  DMA_IRQHandler                  
0000101f  Default_Handler                 
0000101f  GROUP0_IRQHandler               
0000101f  GROUP1_IRQHandler               
0000101f  HardFault_Handler               
0000101f  I2C0_IRQHandler                 
0000101f  I2C1_IRQHandler                 
0000101f  NMI_Handler                     
0000101f  PendSV_Handler                  
0000101f  RTC_IRQHandler                  
0000101f  SPI0_IRQHandler                 
0000101f  SPI1_IRQHandler                 
0000101f  SVC_Handler                     
0000101f  SysTick_Handler                 
0000101f  TIMA0_IRQHandler                
0000101f  TIMA1_IRQHandler                
0000101f  TIMG0_IRQHandler                
0000101f  TIMG12_IRQHandler               
0000101f  TIMG6_IRQHandler                
0000101f  TIMG7_IRQHandler                
0000101f  TIMG8_IRQHandler                
0000101f  UART1_IRQHandler                
0000101f  UART2_IRQHandler                
0000101f  UART3_IRQHandler                
00001021  PID_CalculatePosition           
0000118d  PID_Update                      
00001411  PID_Compute                     
00001665  aligned_alloc                   
00001665  memalign                        
00001779  __aeabi_ddiv                    
00001779  __divdf3                        
00001885  DL_Timer_initFourCCPWMMode      
00001989  fputs                           
00001a81  free                            
00001b69  __aeabi_dmul                    
00001b69  __muldf3                        
00001c4d  setvbuf                         
00001d2d  ldexp                           
00001d2d  ldexpl                          
00001d2d  scalbn                          
00001d2d  scalbnl                         
00001e05  __aeabi_fsub                    
00001e05  __subsf3                        
00001e0f  __addsf3                        
00001e0f  __aeabi_fadd                    
00001edd  main                            
00001f99  __udivmoddi4                    
0000203b  __aeabi_idiv0                   
0000203d  PID_Init                        
000020d9  fputc                           
00002175  memcpy                          
0000220f  __aeabi_ldiv0                   
00002211  SYSCFG_DL_GPIO_init             
000022a1  SYSCFG_DL_PWM_0_init            
0000232d  __aeabi_fmul                    
0000232d  __mulsf3                        
000023b9  __aeabi_errno_addr              
000023c1  strcmp                          
00002449  __aeabi_fdiv                    
00002449  __divsf3                        
000024cb  _nop                            
000024cd  __TI_closefile                  
00002549  __TI_decompress_lzss            
000025c5  __gedf2                         
000025c5  __gtdf2                         
00002639  Grayscale_ReadAll               
000026a5  HOSTlseek                       
00002711  HOSTrename                      
0000277d  fseeko                          
000027e9  getdevice                       
00002855  __cmpdf2                        
00002855  __eqdf2                         
00002855  __ledf2                         
00002855  __ltdf2                         
00002855  __nedf2                         
00002923  __TI_wrt_ok                     
000029ed  __aeabi_dcmpeq                  
00002a01  __aeabi_dcmplt                  
00002a15  __aeabi_dcmple                  
00002a29  __aeabi_dcmpge                  
00002a3d  __aeabi_dcmpgt                  
00002a51  __aeabi_fcmpeq                  
00002a65  __aeabi_fcmplt                  
00002a79  __aeabi_fcmple                  
00002a8d  __aeabi_fcmpge                  
00002aa1  __aeabi_fcmpgt                  
00002ab3  memset                          
00002b15  HOSTopen                        
00002b75  SYSCFG_DL_UART_0_init           
00002bd5  frexp                           
00002bd5  frexpl                          
00002c31  printf                          
00002c8d  HOSTread                        
00002ce5  HOSTwrite                       
00002d3d  __TI_ltoa                       
00002ded  __aeabi_idiv                    
00002ded  __aeabi_idivmod                 
00002e43  __TI_doflush                    
00002ee9  close                           
00002f39  __aeabi_d2iz                    
00002f39  __fixdfsi                       
00002f85  DL_UART_init                    
00002fcd  HOSTclose                       
00003015  HOSTunlink                      
0000305d  UART0_IRQHandler                
000030a1  Motor_SetSpeed                  
000030e1  SYSCFG_DL_SYSCTL_init           
00003121  SYSCFG_DL_initPower             
00003161  __aeabi_uidiv                   
00003161  __aeabi_uidivmod                
000031a1  __aeabi_f2d                     
000031a1  __extendsfdf2                   
000031e1  atoi                            
00003221  __gesf2                         
00003221  __gtsf2                         
0000325d  delay_us                        
00003299  __TI_auto_init_nobinit_nopinit  
000032d5  __cmpsf2                        
000032d5  __eqsf2                         
000032d5  __lesf2                         
000032d5  __ltsf2                         
000032d5  __nesf2                         
00003311  __muldsi3                       
0000334d  __aeabi_f2iz                    
0000334d  __fixsfsi                       
00003385  __TI_cleanup                    
000033b9  __TI_readmsg                    
000033ed  __TI_writemsg                   
00003419  C$$IO$$                         
00003421  exit                            
00003455  finddevice                      
00003489  Motor_Init                      
000034e9  __aeabi_i2d                     
000034e9  __floatsidf                     
00003515  unlink                          
00003541  __aeabi_ui2f                    
00003541  __floatunsisf                   
00003591  lseek                           
000035b9  write                           
000035e1  _c_int00_noargs                 
00003609  __aeabi_lmul                    
00003609  __muldi3                        
0000362d  puts                            
00003651  memccpy                         
00003675  Motor_Stop                      
00003695  __aeabi_llsl                    
00003695  __ashldi3                       
000036b5  DL_Timer_setCaptCompUpdateMethod
000036d1  DL_Timer_setClockConfig         
000036ed  SYSCFG_DL_SYSTICK_init          
00003709  SYSCFG_DL_init                  
00003741  DL_Timer_setCaptureCompareOutCtl
00003759  USART_Init                      
00003771  __TI_zero_init_nomemset         
00003789  __aeabi_uldivmod                
000037b1  DL_UART_setClockConfig          
000037c3  __TI_decompress_none            
000037d5  DL_Timer_setCaptureCompareValue 
000037e5  wcslen                          
00003805  __aeabi_memset                  
00003805  __aeabi_memset4                 
00003805  __aeabi_memset8                 
0000383d  PID_GetError                    
00003849  PID_GetFilteredPosition         
00003855  PID_GetIntegral                 
00003861  PID_GetOutput                   
0000386d  PID_IsLineLost                  
00003879  __aeabi_memclr                  
00003879  __aeabi_memclr4                 
00003879  __aeabi_memclr8                 
00003885  malloc                          
00003891  DL_Common_delayCycles           
000038c1  __aeabi_memcpy                  
000038c1  __aeabi_memcpy4                 
000038c1  __aeabi_memcpy8                 
000038d9  fseek                           
000038e1  remove                          
000038e9  abort                           
000038ee  C$$EXIT                         
000038ef  HOSTexit                        
000038f3  Reset_Handler                   
000038f7  _system_pre_init                
00003900  __aeabi_ctype_table_            
00003900  __aeabi_ctype_table_C           
00003b08  __TI_Handler_Table_Base         
00003b14  __TI_Handler_Table_Limit        
00003b1c  __TI_CINIT_Base                 
00003b2c  __TI_CINIT_Limit                
00003b2c  __TI_CINIT_Warm                 
20200000  __start___llvm_prf_bits         
20200000  __start___llvm_prf_cnts         
20200000  __stop___llvm_prf_bits          
20200000  __stop___llvm_prf_cnts          
20200000  _sys_memory                     
20200800  _ftable                         
202008f0  recv0_buff                      
20200970  _device                         
202009e8  _stream                         
20200a38  __TI_cleanup_ptr                
20200a3c  __TI_dtors_ptr                  
20200a40  __TI_ft_end                     
20200a44  __aeabi_errno                   
20200a48  _lock                           
20200a4c  _unlock                         
20200a8a  recv0_length                    
20200a8f  recv0_flag                      
20200a94  _CIOBUF_                        
20200a94  __CIOBUF_                       
20200bb4  __TI_tmpnams                    
20200c54  parmbuf                         
20207e00  __stack                         
20208000  __STACK_END                     
ffffffff  __TI_pprof_out_hndl             
ffffffff  __TI_prof_data_size             
ffffffff  __TI_prof_data_start            
ffffffff  __binit__                       
ffffffff  binit                           
UNDEFED   __mpu_init                      
UNDEFED   _system_post_cinit              

[242 symbols]
