******************************************************************************
            TI ARM Clang Linker PC v4.0.4                      
******************************************************************************
>> Linked Mon Jun 29 19:36:18 2026

OUTPUT FILE NAME:   <12way_car.out>
ENTRY POINT SYMBOL: "_c_int00_noargs"  address: 000035b1


MEMORY CONFIGURATION

         name            origin    length      used     unused   attr    fill
----------------------  --------  ---------  --------  --------  ----  --------
  FLASH                 00000000   00020000  00003b00  0001c500  R  X
  SRAM                  20200000   00008000  00000e5d  000071a3  RW X
  BCR_CONFIG            41c00000   000000ff  00000000  000000ff  R   
  BSL_CONFIG            41c00100   00000080  00000000  00000080  R   


SEGMENT ALLOCATION MAP

run origin  load origin   length   init length attrs members
----------  ----------- ---------- ----------- ----- -------
00000000    00000000    00003b00   00003b00    r-x
  00000000    00000000    000000c0   000000c0    r-- .intvecs
  000000c0    000000c0    00003810   00003810    r-x .text
  000038d0    000038d0    00000190   00000190    r-- .rodata
  00003a60    00003a60    000000a0   000000a0    r-- .cinit
20200000    20200000    00000c60   00000000    rw-
  20200000    20200000    00000800   00000000    rw- .sysmem
  20200800    20200800    00000291   00000000    rw- .data
  20200a94    20200a94    000001cc   00000000    rw- .bss
20207e00    20207e00    00000200   00000000    rw-
  20207e00    20207e00    00000200   00000000    rw- .stack


SECTION ALLOCATION MAP

 output                                  attributes/
section   page    origin      length       input sections
--------  ----  ----------  ----------   ----------------
.intvecs   0    00000000    000000c0     
                  00000000    000000c0     startup_mspm0g350x_ticlang.o (.intvecs)

.text      0    000000c0    00003810     
                  000000c0    000009d0     libc.a : _printfi.c.obj (.text:__TI_printfi)
                  00000a90    00000220            : _printfi.c.obj (.text._pconv_a)
                  00000cb0    000001dc            : _printfi.c.obj (.text._pconv_g)
                  00000e8c    00000192     libclang_rt.builtins.a : adddf3.S.obj (.text.adddf3_subdf3)
                  0000101e    00000002     startup_mspm0g350x_ticlang.o (.text.Default_Handler)
                  00001020    0000016c     pid.o (.text.PID_CalculatePosition)
                  0000118c    0000013c     libc.a : _printfi.c.obj (.text.fcvt)
                  000012c8    00000134     pid.o (.text.PID_Compute)
                  000013fc    00000120     libc.a : _printfi.c.obj (.text._pconv_e)
                  0000151c    00000118     pid.o (.text.PID_Update)
                  00001634    00000114     libc.a : memory.c.obj (.text.aligned_alloc)
                  00001748    0000010c     libclang_rt.builtins.a : divdf3.S.obj (.text.__divdf3)
                  00001854    00000104     driverlib.a : dl_timer.o (.text.DL_Timer_initFourCCPWMMode)
                  00001958    000000f8     libc.a : fputs.c.obj (.text.fputs)
                  00001a50    000000e8            : memory.c.obj (.text.free)
                  00001b38    000000e4     libclang_rt.builtins.a : muldf3.S.obj (.text.__muldf3)
                  00001c1c    000000e0     libc.a : setvbuf.c.obj (.text.setvbuf)
                  00001cfc    000000d8            : s_scalbn.c.obj (.text.scalbn)
                  00001dd4    000000d8     libclang_rt.builtins.a : addsf3.S.obj (.text)
                  00001eac    000000c0     empty.o (.text.main)
                  00001f6c    000000a2     libclang_rt.builtins.a : udivmoddi4.S.obj (.text)
                  0000200e    00000002                            : aeabi_div0.c.obj (.text.__aeabi_idiv0)
                  00002010    0000009c     libc.a : fputc.c.obj (.text.fputc)
                  000020ac    0000009a            : memcpy16.S.obj (.text:memcpy)
                  00002146    00000002     libclang_rt.builtins.a : aeabi_div0.c.obj (.text.__aeabi_ldiv0)
                  00002148    00000094     pid.o (.text.PID_Init)
                  000021dc    00000090     ti_msp_dl_config.o (.text.SYSCFG_DL_GPIO_init)
                  0000226c    0000008c     ti_msp_dl_config.o (.text.SYSCFG_DL_PWM_0_init)
                  000022f8    0000008c     libclang_rt.builtins.a : mulsf3.S.obj (.text.__mulsf3)
                  00002384    0000000c     pid.o (.text.PID_GetError)
                  00002390    00000088     libc.a : strcmp-armv6m.S.obj (.text:strcmp)
                  00002418    00000082     libclang_rt.builtins.a : divsf3.S.obj (.text.__divsf3)
                  0000249a    00000002     libc.a : _lock.c.obj (.text._nop)
                  0000249c    0000007c            : fclose.c.obj (.text.__TI_closefile)
                  00002518    0000007c            : copy_decompress_lzss.c.obj (.text:decompress:lzss)
                  00002594    00000074     libclang_rt.builtins.a : comparedf2.c.obj (.text.__gedf2)
                  00002608    0000006c     grayscale.o (.text.Grayscale_ReadAll)
                  00002674    0000006c     libsysbm.a : hostlseek.c.obj (.text.HOSTlseek)
                  000026e0    0000006c                : hostrename.c.obj (.text.HOSTrename)
                  0000274c    0000006c     libc.a : fseek.c.obj (.text.fseeko)
                  000027b8    0000006c            : getdevice.c.obj (.text.getdevice)
                  00002824    00000068     libclang_rt.builtins.a : comparedf2.c.obj (.text.__ledf2)
                  0000288c    00000066     libc.a : _printfi.c.obj (.text._mcpy)
                  000028f2    00000064            : _io_perm.c.obj (.text.__TI_wrt_ok)
                  00002956    00000002     --HOLE-- [fill = 0]
                  00002958    00000064            : memory.c.obj (.text.split)
                  000029bc    00000062     libclang_rt.builtins.a : aeabi_dcmp.S.obj (.text.__aeabi_dcmp)
                  00002a1e    00000002     --HOLE-- [fill = 0]
                  00002a20    00000062                            : aeabi_fcmp.S.obj (.text.__aeabi_fcmp)
                  00002a82    00000062     libc.a : memset16.S.obj (.text:memset)
                  00002ae4    00000060     libsysbm.a : hostopen.c.obj (.text.HOSTopen)
                  00002b44    00000060     ti_msp_dl_config.o (.text.SYSCFG_DL_UART_0_init)
                  00002ba4    0000005c     libc.a : s_frexp.c.obj (.text.frexp)
                  00002c00    0000005c            : printf.c.obj (.text.printf)
                  00002c5c    00000058     libsysbm.a : hostread.c.obj (.text.HOSTread)
                  00002cb4    00000058                : hostwrite.c.obj (.text.HOSTwrite)
                  00002d0c    00000058     libc.a : _ltoa.c.obj (.text.__TI_ltoa)
                  00002d64    00000058            : _printfi.c.obj (.text._pconv_f)
                  00002dbc    00000056     libclang_rt.builtins.a : aeabi_idivmod.S.obj (.text.__aeabi_idivmod)
                  00002e12    00000052     libc.a : fflush.c.obj (.text.__TI_doflush)
                  00002e64    00000052            : _printfi.c.obj (.text._ecpy)
                  00002eb6    00000002     --HOLE-- [fill = 0]
                  00002eb8    00000050     libsysbm.a : close.c.obj (.text.close)
                  00002f08    0000004a     libclang_rt.builtins.a : fixdfsi.S.obj (.text.__fixdfsi)
                  00002f52    00000002     --HOLE-- [fill = 0]
                  00002f54    00000048     driverlib.a : dl_uart.o (.text.DL_UART_init)
                  00002f9c    00000048     libsysbm.a : hostclose.c.obj (.text.HOSTclose)
                  00002fe4    00000048                : hostunlink.c.obj (.text.HOSTunlink)
                  0000302c    00000044     usart.o (.text.UART0_IRQHandler)
                  00003070    00000040     motor.o (.text.Motor_SetSpeed)
                  000030b0    00000040     ti_msp_dl_config.o (.text.SYSCFG_DL_SYSCTL_init)
                  000030f0    00000040     ti_msp_dl_config.o (.text.SYSCFG_DL_initPower)
                  00003130    00000040     libclang_rt.builtins.a : aeabi_uidivmod.S.obj (.text.__aeabi_uidivmod)
                  00003170    00000040                            : extendsfdf2.S.obj (.text.__extendsfdf2)
                  000031b0    00000040     libc.a : atoi.c.obj (.text.atoi)
                  000031f0    0000003c     libclang_rt.builtins.a : comparesf2.S.obj (.text.__gtsf2)
                  0000322c    0000003c     delay.o (.text.delay_us)
                  00003268    0000003c     libc.a : autoinit.c.obj (.text:__TI_auto_init_nobinit_nopinit)
                  000032a4    0000003a     libclang_rt.builtins.a : comparesf2.S.obj (.text.__eqsf2)
                  000032de    00000002     --HOLE-- [fill = 0]
                  000032e0    0000003a                            : muldsi3.S.obj (.text.__muldsi3)
                  0000331a    00000002     --HOLE-- [fill = 0]
                  0000331c    00000038                            : fixsfsi.S.obj (.text.__fixsfsi)
                  00003354    00000034     libc.a : fopen.c.obj (.text.__TI_cleanup)
                  00003388    00000034     libsysbm.a : trgmsg.c.obj (.text.__TI_readmsg)
                  000033bc    00000034                : trgmsg.c.obj (.text.__TI_writemsg)
                  000033f0    00000034     libc.a : exit.c.obj (.text.exit)
                  00003424    00000034            : getdevice.c.obj (.text.finddevice)
                  00003458    00000030     motor.o (.text.Motor_Init)
                  00003488    00000030     libc.a : _printfi.c.obj (.text._fcpy)
                  000034b8    0000002c     libclang_rt.builtins.a : floatsidf.S.obj (.text.__floatsidf)
                  000034e4    0000002c     libsysbm.a : unlink.c.obj (.text.unlink)
                  00003510    00000028     libclang_rt.builtins.a : floatunsisf.S.obj (.text.__floatunsisf)
                  00003538    00000028     libc.a : memory.c.obj (.text.free_list_insert)
                  00003560    00000028     libsysbm.a : lseek.c.obj (.text.lseek)
                  00003588    00000028                : write.c.obj (.text.write)
                  000035b0    00000028     libc.a : boot_cortex_m.c.obj (.text:_c_int00_noargs)
                  000035d8    00000024     libclang_rt.builtins.a : muldi3.S.obj (.text.__muldi3)
                  000035fc    00000024     libc.a : fputs.c.obj (.text.puts)
                  00003620    00000022            : memccpy.c.obj (.text.memccpy)
                  00003642    00000002     --HOLE-- [fill = 0]
                  00003644    00000020     motor.o (.text.Motor_Stop)
                  00003664    0000001e     libclang_rt.builtins.a : ashldi3.S.obj (.text.__ashldi3)
                  00003682    00000002     --HOLE-- [fill = 0]
                  00003684    0000001c     driverlib.a : dl_timer.o (.text.DL_Timer_setCaptCompUpdateMethod)
                  000036a0    0000001c                 : dl_timer.o (.text.DL_Timer_setClockConfig)
                  000036bc    0000001c     ti_msp_dl_config.o (.text.SYSCFG_DL_SYSTICK_init)
                  000036d8    0000001c     ti_msp_dl_config.o (.text.SYSCFG_DL_init)
                  000036f4    0000001c     libc.a : memory.c.obj (.text.free_list_remove)
                  00003710    00000018     driverlib.a : dl_timer.o (.text.DL_Timer_setCaptureCompareOutCtl)
                  00003728    00000018     usart.o (.text.USART_Init)
                  00003740    00000016     libc.a : copy_zero_init.c.obj (.text:decompress:ZI:__TI_zero_init_nomemset)
                  00003756    00000002     --HOLE-- [fill = 0]
                  00003758    00000014     libclang_rt.builtins.a : aeabi_uldivmod.S.obj (.text.__aeabi_uldivmod)
                  0000376c    00000014     libc.a : _printfi.c.obj (.text.strchr)
                  00003780    00000012     driverlib.a : dl_uart.o (.text.DL_UART_setClockConfig)
                  00003792    00000012     libc.a : copy_decompress_none.c.obj (.text:decompress:none)
                  000037a4    00000010     driverlib.a : dl_timer.o (.text.DL_Timer_setCaptureCompareValue)
                  000037b4    00000010     libc.a : wcslen.c.obj (.text.wcslen)
                  000037c4    0000000e            : memory.c.obj (.text.OUTLINED_FUNCTION_0)
                  000037d2    00000002     --HOLE-- [fill = 0]
                  000037d4    0000000e     libclang_rt.builtins.a : aeabi_memset.S.obj (.text.__aeabi_memset)
                  000037e2    0000000e     libsysbm.a : hostrename.c.obj (.text.strcpy)
                  000037f0    0000000e     libc.a : _printfi.c.obj (.text.strlen)
                  000037fe    0000000e     libsysbm.a : hostrename.c.obj (.text.strlen)
                  0000380c    0000000c     pid.o (.text.PID_GetFilteredPosition)
                  00003818    0000000c     pid.o (.text.PID_GetIntegral)
                  00003824    0000000c     pid.o (.text.PID_GetOutput)
                  00003830    0000000c     pid.o (.text.PID_IsLineLost)
                  0000383c    0000000c     libclang_rt.builtins.a : aeabi_memset.S.obj (.text.__aeabi_memclr)
                  00003848    0000000c     libc.a : memory.c.obj (.text.malloc)
                  00003854    0000000a     driverlib.a : dl_common.o (.text.DL_Common_delayCycles)
                  0000385e    0000000a     libc.a : _printfi.c.obj (.text.OUTLINED_FUNCTION_0)
                  00003868    00000010     libclang_rt.builtins.a : adddf3.S.obj (.tramp.__aeabi_dsub.1)
                  00003878    0000000a     libc.a : _printfi.c.obj (.text.OUTLINED_FUNCTION_1)
                  00003882    00000002     --HOLE-- [fill = 0]
                  00003884    00000008            : aeabi_portable.c.obj (.text.__aeabi_errno_addr)
                  0000388c    00000008     libclang_rt.builtins.a : aeabi_memcpy.S.obj (.text.__aeabi_memcpy)
                  00003894    00000008     libc.a : printf.c.obj (.text._outc)
                  0000389c    00000008            : printf.c.obj (.text._outs)
                  000038a4    00000008            : fseek.c.obj (.text.fseek)
                  000038ac    00000008     libsysbm.a : remove.c.obj (.text.remove)
                  000038b4    00000006     libc.a : exit.c.obj (.text:abort)
                  000038ba    00000004     libsysbm.a : hostexit.c.obj (.text.HOSTexit)
                  000038be    00000004     startup_mspm0g350x_ticlang.o (.text.Reset_Handler)
                  000038c2    00000004     libc.a : pre_init.c.obj (.text._system_pre_init)
                  000038c6    0000000a     --HOLE-- [fill = 0]

.cinit     0    00003a60    000000a0     
                  00003a60    00000077     (.cinit..data.load) [load image, compression = lzss]
                  00003ad7    00000001     --HOLE-- [fill = 0]
                  00003ad8    0000000c     (__TI_handler_table)
                  00003ae4    00000008     (.cinit..bss.load) [load image, compression = zero_init]
                  00003aec    00000010     (__TI_cinit_table)
                  00003afc    00000004     --HOLE-- [fill = 0]

.rodata    0    000038d0    00000190     
                  000038d0    00000101     libc.a : aeabi_ctype.S.obj (.rodata:__aeabi_ctype_table_)
                  000039d1    0000002e     empty.o (.rodata.str1.254342170260855183.1)
                  000039ff    0000001a     empty.o (.rodata.str1.8138751173933995641.1)
                  00003a19    00000011     libc.a : _printfi.c.obj (.rodata.str1.10348868589481759720.1)
                  00003a2a    00000011            : _printfi.c.obj (.rodata.str1.15363888844622738466.1)
                  00003a3b    00000001     --HOLE-- [fill = 0]
                  00003a3c    0000000a     ti_msp_dl_config.o (.rodata.gUART_0Config)
                  00003a46    00000002     ti_msp_dl_config.o (.rodata.gUART_0ClockConfig)
                  00003a48    00000008     ti_msp_dl_config.o (.rodata.gPWM_0Config)
                  00003a50    00000003     ti_msp_dl_config.o (.rodata.gPWM_0ClockConfig)
                  00003a53    00000002     libc.a : fputs.c.obj (.rodata.str1.16607721268415185390.1)
                  00003a55    0000000b     --HOLE-- [fill = 0]

.init_array 
*          0    00000000    00000000     UNINITIALIZED

.binit     0    00000000    00000000     

.sysmem    0    20200000    00000800     UNINITIALIZED
                  20200000    00000010     libc.a : memory.c.obj (.sysmem)
                  20200010    000007f0     --HOLE--

.data      0    20200800    00000291     UNINITIALIZED
                  20200800    000000f0     libc.a : defs.c.obj (.data._ftable)
                  202008f0    00000080     usart.o (.data.recv0_buff)
                  20200970    00000078     libsysbm.a : host_device.c.obj (.data._device)
                  202009e8    00000050                : host_device.c.obj (.data._stream)
                  20200a38    00000008     libc.a : exit.c.obj (.data..L_MergedGlobals)
                  20200a40    00000004            : defs.c.obj (.data.__TI_ft_end)
                  20200a44    00000004            : aeabi_portable.c.obj (.data.__aeabi_errno)
                  20200a48    00000004            : _lock.c.obj (.data._lock)
                  20200a4c    00000004            : _lock.c.obj (.data._unlock)
                  20200a50    00000004     pid.o (.data.gBaseSpeed)
                  20200a54    00000004     pid.o (.data.gDerivative)
                  20200a58    00000004     pid.o (.data.gError)
                  20200a5c    00000004     pid.o (.data.gFilteredPos)
                  20200a60    00000004     pid.o (.data.gIntegral)
                  20200a64    00000004     pid.o (.data.gIntegralLimit)
                  20200a68    00000004     pid.o (.data.gKd)
                  20200a6c    00000004     pid.o (.data.gKi)
                  20200a70    00000004     pid.o (.data.gKp)
                  20200a74    00000004     pid.o (.data.gLastValidPos)
                  20200a78    00000004     pid.o (.data.gOutput)
                  20200a7c    00000004     pid.o (.data.gOutputLimit)
                  20200a80    00000004     pid.o (.data.gPrevError)
                  20200a84    00000004     pid.o (.data.gTrim)
                  20200a88    00000002     empty.o (.data.main.debug_cnt)
                  20200a8a    00000002     usart.o (.data.recv0_length)
                  20200a8c    00000001     pid.o (.data.gFilterInit)
                  20200a8d    00000001     pid.o (.data.gLineLost)
                  20200a8e    00000001     usart.o (.data.recv0_flag)
                  20200a8f    00000001     --HOLE--
                  20200a90    00000001     libc.a : memory.c.obj (.data.memory_is_initialized)

.bss       0    20200a94    000001cc     UNINITIALIZED
                  20200a94    00000120     libsysbm.a : trgmsg.c.obj (.bss:_CIOBUF_)
                  20200bb4    000000a0     libc.a : defs.c.obj (.bss.__TI_tmpnams)
                  20200c54    00000008     libsysbm.a : hostopen.c.obj (.bss.parmbuf)
                  20200c5c    00000004     libc.a : memory.c.obj (.bss.sys_free)

.stack     0    20207e00    00000200     UNINITIALIZED
                  20207e00    00000004     libc.a : boot_cortex_m.c.obj (.stack)
                  20207e04    000001fc     --HOLE--

__llvm_prf_cnts 
*          0    20200000    00000000     UNINITIALIZED

__llvm_prf_bits 
*          0    20200000    00000000     UNINITIALIZED

MODULE SUMMARY

       Module                         code    ro data   rw data
       ------                         ----    -------   -------
    .\
       pid.o                          1160    0         58     
       ti_msp_dl_config.o             564     23        0      
       empty.o                        192     72        2      
       usart.o                        92      0         131    
       startup_mspm0g350x_ticlang.o   6       192       0      
       motor.o                        144     0         0      
       grayscale.o                    108     0         0      
       delay.o                        60      0         0      
    +--+------------------------------+-------+---------+---------+
       Total:                         2326    287       191    
                                                               
    D:/ti/mspm0_sdk_2_10_00_04/source/ti/driverlib/lib/ticlang/m0p/mspm0g1x0x_g3x0x/driverlib.a
       dl_timer.o                     356     0         0      
       dl_uart.o                      90      0         0      
       dl_common.o                    10      0         0      
    +--+------------------------------+-------+---------+---------+
       Total:                         456     0         0      
                                                               
    D:\ti\ccs2050\ccs\tools\compiler\ti-cgt-armllvm_4.0.4.LTS\lib\armv6m-ti-none-eabi/c/libc.a
       _printfi.c.obj                 4510    34        0      
       memory.c.obj                   702     0         5      
       defs.c.obj                     0       0         404    
       fputs.c.obj                    284     2         0      
       aeabi_ctype.S.obj              0       257       0      
       setvbuf.c.obj                  224     0         0      
       s_scalbn.c.obj                 216     0         0      
       getdevice.c.obj                160     0         0      
       fputc.c.obj                    156     0         0      
       memcpy16.S.obj                 154     0         0      
       strcmp-armv6m.S.obj            136     0         0      
       copy_decompress_lzss.c.obj     124     0         0      
       fclose.c.obj                   124     0         0      
       fseek.c.obj                    116     0         0      
       printf.c.obj                   108     0         0      
       _io_perm.c.obj                 100     0         0      
       memset16.S.obj                 98      0         0      
       s_frexp.c.obj                  92      0         0      
       _ltoa.c.obj                    88      0         0      
       fflush.c.obj                   82      0         0      
       exit.c.obj                     58      0         8      
       atoi.c.obj                     64      0         0      
       autoinit.c.obj                 60      0         0      
       fopen.c.obj                    52      0         0      
       boot_cortex_m.c.obj            40      0         0      
       memccpy.c.obj                  34      0         0      
       copy_zero_init.c.obj           22      0         0      
       copy_decompress_none.c.obj     18      0         0      
       wcslen.c.obj                   16      0         0      
       aeabi_portable.c.obj           8       0         4      
       _lock.c.obj                    2       0         8      
       pre_init.c.obj                 4       0         0      
    +--+------------------------------+-------+---------+---------+
       Total:                         7852    293       429    
                                                               
    D:\ti\ccs2050\ccs\tools\compiler\ti-cgt-armllvm_4.0.4.LTS\lib\armv6m-ti-none-eabi/c/libsysbm.a
       trgmsg.c.obj                   104     0         288    
       host_device.c.obj              0       0         200    
       hostrename.c.obj               136     0         0      
       hostlseek.c.obj                108     0         0      
       hostopen.c.obj                 96      0         8      
       hostread.c.obj                 88      0         0      
       hostwrite.c.obj                88      0         0      
       close.c.obj                    80      0         0      
       hostclose.c.obj                72      0         0      
       hostunlink.c.obj               72      0         0      
       unlink.c.obj                   44      0         0      
       lseek.c.obj                    40      0         0      
       write.c.obj                    40      0         0      
       remove.c.obj                   8       0         0      
       hostexit.c.obj                 4       0         0      
    +--+------------------------------+-------+---------+---------+
       Total:                         980     0         496    
                                                               
    D:\ti\ccs2050\ccs\tools\compiler\ti-cgt-armllvm_4.0.4.LTS\lib\armv6m-ti-none-eabi/libclang_rt.builtins.a
       adddf3.S.obj                   418     0         0      
       divdf3.S.obj                   268     0         0      
       muldf3.S.obj                   228     0         0      
       comparedf2.c.obj               220     0         0      
       addsf3.S.obj                   216     0         0      
       udivmoddi4.S.obj               162     0         0      
       mulsf3.S.obj                   140     0         0      
       divsf3.S.obj                   130     0         0      
       comparesf2.S.obj               118     0         0      
       aeabi_dcmp.S.obj               98      0         0      
       aeabi_fcmp.S.obj               98      0         0      
       aeabi_idivmod.S.obj            86      0         0      
       fixdfsi.S.obj                  74      0         0      
       aeabi_uidivmod.S.obj           64      0         0      
       extendsfdf2.S.obj              64      0         0      
       muldsi3.S.obj                  58      0         0      
       fixsfsi.S.obj                  56      0         0      
       floatsidf.S.obj                44      0         0      
       floatunsisf.S.obj              40      0         0      
       muldi3.S.obj                   36      0         0      
       ashldi3.S.obj                  30      0         0      
       aeabi_memset.S.obj             26      0         0      
       aeabi_uldivmod.S.obj           20      0         0      
       aeabi_memcpy.S.obj             8       0         0      
       aeabi_div0.c.obj               4       0         0      
    +--+------------------------------+-------+---------+---------+
       Total:                         2706    0         0      
                                                               
       Heap:                          0       0         2048   
       Stack:                         0       0         512    
       Linker Generated:              0       155       0      
    +--+------------------------------+-------+---------+---------+
       Grand Total:                   14320   735       3676   


LINKER GENERATED COPY TABLES

__TI_cinit_table @ 00003aec records: 2, size/record: 8, table size: 16
	.data: load addr=00003a60, load size=00000077 bytes, run addr=20200800, run size=00000291 bytes, compression=lzss
	.bss: load addr=00003ae4, load size=00000008 bytes, run addr=20200a94, run size=000001cc bytes, compression=zero_init


LINKER GENERATED HANDLER TABLE

__TI_handler_table @ 00003ad8 records: 3, size/record: 4, table size: 12
	index: 0, handler: __TI_decompress_lzss
	index: 1, handler: __TI_decompress_none
	index: 2, handler: __TI_zero_init


FAR CALL TRAMPOLINES

callee name               trampoline name
   callee addr  tramp addr   call addr  call info
--------------  -----------  ---------  ----------------
__aeabi_dsub              $Tramp$TT$L$PI$$__aeabi_dsub
   00000e8d     00003868     00003866   libc.a : _printfi.c.obj (.text.OUTLINED_FUNCTION_0)

[1 trampolines]
[1 trampoline calls]


GLOBAL SYMBOLS: SORTED ALPHABETICALLY BY Name 

address   name                            
-------   ----                            
0000101f  ADC0_IRQHandler                 
0000101f  ADC1_IRQHandler                 
0000101f  AES_IRQHandler                  
000038ba  C$$EXIT                         
000033e9  C$$IO$$                         
0000101f  CANFD0_IRQHandler               
0000101f  DAC0_IRQHandler                 
00003855  DL_Common_delayCycles           
00001855  DL_Timer_initFourCCPWMMode      
00003685  DL_Timer_setCaptCompUpdateMethod
00003711  DL_Timer_setCaptureCompareOutCtl
000037a5  DL_Timer_setCaptureCompareValue 
000036a1  DL_Timer_setClockConfig         
00002f55  DL_UART_init                    
00003781  DL_UART_setClockConfig          
0000101f  DMA_IRQHandler                  
0000101f  Default_Handler                 
0000101f  GROUP0_IRQHandler               
0000101f  GROUP1_IRQHandler               
00002609  Grayscale_ReadAll               
00002f9d  HOSTclose                       
000038bb  HOSTexit                        
00002675  HOSTlseek                       
00002ae5  HOSTopen                        
00002c5d  HOSTread                        
000026e1  HOSTrename                      
00002fe5  HOSTunlink                      
00002cb5  HOSTwrite                       
0000101f  HardFault_Handler               
0000101f  I2C0_IRQHandler                 
0000101f  I2C1_IRQHandler                 
00003459  Motor_Init                      
00003071  Motor_SetSpeed                  
00003645  Motor_Stop                      
0000101f  NMI_Handler                     
00001021  PID_CalculatePosition           
000012c9  PID_Compute                     
00002385  PID_GetError                    
0000380d  PID_GetFilteredPosition         
00003819  PID_GetIntegral                 
00003825  PID_GetOutput                   
00002149  PID_Init                        
00003831  PID_IsLineLost                  
0000151d  PID_Update                      
0000101f  PendSV_Handler                  
0000101f  RTC_IRQHandler                  
000038bf  Reset_Handler                   
0000101f  SPI0_IRQHandler                 
0000101f  SPI1_IRQHandler                 
0000101f  SVC_Handler                     
000021dd  SYSCFG_DL_GPIO_init             
0000226d  SYSCFG_DL_PWM_0_init            
000030b1  SYSCFG_DL_SYSCTL_init           
000036bd  SYSCFG_DL_SYSTICK_init          
00002b45  SYSCFG_DL_UART_0_init           
000036d9  SYSCFG_DL_init                  
000030f1  SYSCFG_DL_initPower             
0000101f  SysTick_Handler                 
0000101f  TIMA0_IRQHandler                
0000101f  TIMA1_IRQHandler                
0000101f  TIMG0_IRQHandler                
0000101f  TIMG12_IRQHandler               
0000101f  TIMG6_IRQHandler                
0000101f  TIMG7_IRQHandler                
0000101f  TIMG8_IRQHandler                
0000302d  UART0_IRQHandler                
0000101f  UART1_IRQHandler                
0000101f  UART2_IRQHandler                
0000101f  UART3_IRQHandler                
00003729  USART_Init                      
20200a94  _CIOBUF_                        
20200a94  __CIOBUF_                       
20208000  __STACK_END                     
00000200  __STACK_SIZE                    
00000800  __SYSMEM_SIZE                   
00000000  __TI_ATRegion0_region_sz        
00000000  __TI_ATRegion0_src_addr         
00000000  __TI_ATRegion0_trg_addr         
00000000  __TI_ATRegion1_region_sz        
00000000  __TI_ATRegion1_src_addr         
00000000  __TI_ATRegion1_trg_addr         
00000000  __TI_ATRegion2_region_sz        
00000000  __TI_ATRegion2_src_addr         
00000000  __TI_ATRegion2_trg_addr         
00003aec  __TI_CINIT_Base                 
00003afc  __TI_CINIT_Limit                
00003afc  __TI_CINIT_Warm                 
00003ad8  __TI_Handler_Table_Base         
00003ae4  __TI_Handler_Table_Limit        
00003269  __TI_auto_init_nobinit_nopinit  
00003355  __TI_cleanup                    
20200a38  __TI_cleanup_ptr                
0000249d  __TI_closefile                  
00002519  __TI_decompress_lzss            
00003793  __TI_decompress_none            
00002e13  __TI_doflush                    
20200a3c  __TI_dtors_ptr                  
20200a40  __TI_ft_end                     
00002d0d  __TI_ltoa                       
ffffffff  __TI_pprof_out_hndl             
000000c1  __TI_printfi                    
ffffffff  __TI_prof_data_size             
ffffffff  __TI_prof_data_start            
00003389  __TI_readmsg                    
00000000  __TI_static_base__              
20200bb4  __TI_tmpnams                    
000033bd  __TI_writemsg                   
000028f3  __TI_wrt_ok                     
00003741  __TI_zero_init_nomemset         
00000e97  __adddf3                        
00001ddf  __addsf3                        
000038d0  __aeabi_ctype_table_            
000038d0  __aeabi_ctype_table_C           
00002f09  __aeabi_d2iz                    
00000e97  __aeabi_dadd                    
000029bd  __aeabi_dcmpeq                  
000029f9  __aeabi_dcmpge                  
00002a0d  __aeabi_dcmpgt                  
000029e5  __aeabi_dcmple                  
000029d1  __aeabi_dcmplt                  
00001749  __aeabi_ddiv                    
00001b39  __aeabi_dmul                    
00000e8d  __aeabi_dsub                    
20200a44  __aeabi_errno                   
00003885  __aeabi_errno_addr              
00003171  __aeabi_f2d                     
0000331d  __aeabi_f2iz                    
00001ddf  __aeabi_fadd                    
00002a21  __aeabi_fcmpeq                  
00002a5d  __aeabi_fcmpge                  
00002a71  __aeabi_fcmpgt                  
00002a49  __aeabi_fcmple                  
00002a35  __aeabi_fcmplt                  
00002419  __aeabi_fdiv                    
000022f9  __aeabi_fmul                    
00001dd5  __aeabi_fsub                    
000034b9  __aeabi_i2d                     
00002dbd  __aeabi_idiv                    
0000200f  __aeabi_idiv0                   
00002dbd  __aeabi_idivmod                 
00002147  __aeabi_ldiv0                   
00003665  __aeabi_llsl                    
000035d9  __aeabi_lmul                    
0000383d  __aeabi_memclr                  
0000383d  __aeabi_memclr4                 
0000383d  __aeabi_memclr8                 
0000388d  __aeabi_memcpy                  
0000388d  __aeabi_memcpy4                 
0000388d  __aeabi_memcpy8                 
000037d5  __aeabi_memset                  
000037d5  __aeabi_memset4                 
000037d5  __aeabi_memset8                 
00003511  __aeabi_ui2f                    
00003131  __aeabi_uidiv                   
00003131  __aeabi_uidivmod                
00003759  __aeabi_uldivmod                
00003665  __ashldi3                       
ffffffff  __binit__                       
00002825  __cmpdf2                        
000032a5  __cmpsf2                        
00001749  __divdf3                        
00002419  __divsf3                        
00002825  __eqdf2                         
000032a5  __eqsf2                         
00003171  __extendsfdf2                   
00002f09  __fixdfsi                       
0000331d  __fixsfsi                       
000034b9  __floatsidf                     
00003511  __floatunsisf                   
00002595  __gedf2                         
000031f1  __gesf2                         
00002595  __gtdf2                         
000031f1  __gtsf2                         
00002825  __ledf2                         
000032a5  __lesf2                         
00002825  __ltdf2                         
000032a5  __ltsf2                         
UNDEFED   __mpu_init                      
00001b39  __muldf3                        
000035d9  __muldi3                        
000032e1  __muldsi3                       
000022f9  __mulsf3                        
00002825  __nedf2                         
000032a5  __nesf2                         
20207e00  __stack                         
20200000  __start___llvm_prf_bits         
20200000  __start___llvm_prf_cnts         
20200000  __stop___llvm_prf_bits          
20200000  __stop___llvm_prf_cnts          
00000e8d  __subdf3                        
00001dd5  __subsf3                        
00001f6d  __udivmoddi4                    
000035b1  _c_int00_noargs                 
20200970  _device                         
20200800  _ftable                         
20200a48  _lock                           
0000249b  _nop                            
202009e8  _stream                         
20200000  _sys_memory                     
UNDEFED   _system_post_cinit              
000038c3  _system_pre_init                
20200a4c  _unlock                         
000038b5  abort                           
00001635  aligned_alloc                   
000031b1  atoi                            
ffffffff  binit                           
00002eb9  close                           
0000322d  delay_us                        
000033f1  exit                            
00003425  finddevice                      
00002011  fputc                           
00001959  fputs                           
00001a51  free                            
00002ba5  frexp                           
00002ba5  frexpl                          
000038a5  fseek                           
0000274d  fseeko                          
000027b9  getdevice                       
00000000  interruptVectors                
00001cfd  ldexp                           
00001cfd  ldexpl                          
00003561  lseek                           
00001ead  main                            
00003849  malloc                          
00001635  memalign                        
00003621  memccpy                         
000020ad  memcpy                          
00002a83  memset                          
20200c54  parmbuf                         
00002c01  printf                          
000035fd  puts                            
202008f0  recv0_buff                      
20200a8e  recv0_flag                      
20200a8a  recv0_length                    
000038ad  remove                          
00001cfd  scalbn                          
00001cfd  scalbnl                         
00001c1d  setvbuf                         
00002391  strcmp                          
000034e5  unlink                          
000037b5  wcslen                          
00003589  write                           


GLOBAL SYMBOLS: SORTED BY Symbol Address 

address   name                            
-------   ----                            
00000000  __TI_ATRegion0_region_sz        
00000000  __TI_ATRegion0_src_addr         
00000000  __TI_ATRegion0_trg_addr         
00000000  __TI_ATRegion1_region_sz        
00000000  __TI_ATRegion1_src_addr         
00000000  __TI_ATRegion1_trg_addr         
00000000  __TI_ATRegion2_region_sz        
00000000  __TI_ATRegion2_src_addr         
00000000  __TI_ATRegion2_trg_addr         
00000000  __TI_static_base__              
00000000  interruptVectors                
000000c1  __TI_printfi                    
00000200  __STACK_SIZE                    
00000800  __SYSMEM_SIZE                   
00000e8d  __aeabi_dsub                    
00000e8d  __subdf3                        
00000e97  __adddf3                        
00000e97  __aeabi_dadd                    
0000101f  ADC0_IRQHandler                 
0000101f  ADC1_IRQHandler                 
0000101f  AES_IRQHandler                  
0000101f  CANFD0_IRQHandler               
0000101f  DAC0_IRQHandler                 
0000101f  DMA_IRQHandler                  
0000101f  Default_Handler                 
0000101f  GROUP0_IRQHandler               
0000101f  GROUP1_IRQHandler               
0000101f  HardFault_Handler               
0000101f  I2C0_IRQHandler                 
0000101f  I2C1_IRQHandler                 
0000101f  NMI_Handler                     
0000101f  PendSV_Handler                  
0000101f  RTC_IRQHandler                  
0000101f  SPI0_IRQHandler                 
0000101f  SPI1_IRQHandler                 
0000101f  SVC_Handler                     
0000101f  SysTick_Handler                 
0000101f  TIMA0_IRQHandler                
0000101f  TIMA1_IRQHandler                
0000101f  TIMG0_IRQHandler                
0000101f  TIMG12_IRQHandler               
0000101f  TIMG6_IRQHandler                
0000101f  TIMG7_IRQHandler                
0000101f  TIMG8_IRQHandler                
0000101f  UART1_IRQHandler                
0000101f  UART2_IRQHandler                
0000101f  UART3_IRQHandler                
00001021  PID_CalculatePosition           
000012c9  PID_Compute                     
0000151d  PID_Update                      
00001635  aligned_alloc                   
00001635  memalign                        
00001749  __aeabi_ddiv                    
00001749  __divdf3                        
00001855  DL_Timer_initFourCCPWMMode      
00001959  fputs                           
00001a51  free                            
00001b39  __aeabi_dmul                    
00001b39  __muldf3                        
00001c1d  setvbuf                         
00001cfd  ldexp                           
00001cfd  ldexpl                          
00001cfd  scalbn                          
00001cfd  scalbnl                         
00001dd5  __aeabi_fsub                    
00001dd5  __subsf3                        
00001ddf  __addsf3                        
00001ddf  __aeabi_fadd                    
00001ead  main                            
00001f6d  __udivmoddi4                    
0000200f  __aeabi_idiv0                   
00002011  fputc                           
000020ad  memcpy                          
00002147  __aeabi_ldiv0                   
00002149  PID_Init                        
000021dd  SYSCFG_DL_GPIO_init             
0000226d  SYSCFG_DL_PWM_0_init            
000022f9  __aeabi_fmul                    
000022f9  __mulsf3                        
00002385  PID_GetError                    
00002391  strcmp                          
00002419  __aeabi_fdiv                    
00002419  __divsf3                        
0000249b  _nop                            
0000249d  __TI_closefile                  
00002519  __TI_decompress_lzss            
00002595  __gedf2                         
00002595  __gtdf2                         
00002609  Grayscale_ReadAll               
00002675  HOSTlseek                       
000026e1  HOSTrename                      
0000274d  fseeko                          
000027b9  getdevice                       
00002825  __cmpdf2                        
00002825  __eqdf2                         
00002825  __ledf2                         
00002825  __ltdf2                         
00002825  __nedf2                         
000028f3  __TI_wrt_ok                     
000029bd  __aeabi_dcmpeq                  
000029d1  __aeabi_dcmplt                  
000029e5  __aeabi_dcmple                  
000029f9  __aeabi_dcmpge                  
00002a0d  __aeabi_dcmpgt                  
00002a21  __aeabi_fcmpeq                  
00002a35  __aeabi_fcmplt                  
00002a49  __aeabi_fcmple                  
00002a5d  __aeabi_fcmpge                  
00002a71  __aeabi_fcmpgt                  
00002a83  memset                          
00002ae5  HOSTopen                        
00002b45  SYSCFG_DL_UART_0_init           
00002ba5  frexp                           
00002ba5  frexpl                          
00002c01  printf                          
00002c5d  HOSTread                        
00002cb5  HOSTwrite                       
00002d0d  __TI_ltoa                       
00002dbd  __aeabi_idiv                    
00002dbd  __aeabi_idivmod                 
00002e13  __TI_doflush                    
00002eb9  close                           
00002f09  __aeabi_d2iz                    
00002f09  __fixdfsi                       
00002f55  DL_UART_init                    
00002f9d  HOSTclose                       
00002fe5  HOSTunlink                      
0000302d  UART0_IRQHandler                
00003071  Motor_SetSpeed                  
000030b1  SYSCFG_DL_SYSCTL_init           
000030f1  SYSCFG_DL_initPower             
00003131  __aeabi_uidiv                   
00003131  __aeabi_uidivmod                
00003171  __aeabi_f2d                     
00003171  __extendsfdf2                   
000031b1  atoi                            
000031f1  __gesf2                         
000031f1  __gtsf2                         
0000322d  delay_us                        
00003269  __TI_auto_init_nobinit_nopinit  
000032a5  __cmpsf2                        
000032a5  __eqsf2                         
000032a5  __lesf2                         
000032a5  __ltsf2                         
000032a5  __nesf2                         
000032e1  __muldsi3                       
0000331d  __aeabi_f2iz                    
0000331d  __fixsfsi                       
00003355  __TI_cleanup                    
00003389  __TI_readmsg                    
000033bd  __TI_writemsg                   
000033e9  C$$IO$$                         
000033f1  exit                            
00003425  finddevice                      
00003459  Motor_Init                      
000034b9  __aeabi_i2d                     
000034b9  __floatsidf                     
000034e5  unlink                          
00003511  __aeabi_ui2f                    
00003511  __floatunsisf                   
00003561  lseek                           
00003589  write                           
000035b1  _c_int00_noargs                 
000035d9  __aeabi_lmul                    
000035d9  __muldi3                        
000035fd  puts                            
00003621  memccpy                         
00003645  Motor_Stop                      
00003665  __aeabi_llsl                    
00003665  __ashldi3                       
00003685  DL_Timer_setCaptCompUpdateMethod
000036a1  DL_Timer_setClockConfig         
000036bd  SYSCFG_DL_SYSTICK_init          
000036d9  SYSCFG_DL_init                  
00003711  DL_Timer_setCaptureCompareOutCtl
00003729  USART_Init                      
00003741  __TI_zero_init_nomemset         
00003759  __aeabi_uldivmod                
00003781  DL_UART_setClockConfig          
00003793  __TI_decompress_none            
000037a5  DL_Timer_setCaptureCompareValue 
000037b5  wcslen                          
000037d5  __aeabi_memset                  
000037d5  __aeabi_memset4                 
000037d5  __aeabi_memset8                 
0000380d  PID_GetFilteredPosition         
00003819  PID_GetIntegral                 
00003825  PID_GetOutput                   
00003831  PID_IsLineLost                  
0000383d  __aeabi_memclr                  
0000383d  __aeabi_memclr4                 
0000383d  __aeabi_memclr8                 
00003849  malloc                          
00003855  DL_Common_delayCycles           
00003885  __aeabi_errno_addr              
0000388d  __aeabi_memcpy                  
0000388d  __aeabi_memcpy4                 
0000388d  __aeabi_memcpy8                 
000038a5  fseek                           
000038ad  remove                          
000038b5  abort                           
000038ba  C$$EXIT                         
000038bb  HOSTexit                        
000038bf  Reset_Handler                   
000038c3  _system_pre_init                
000038d0  __aeabi_ctype_table_            
000038d0  __aeabi_ctype_table_C           
00003ad8  __TI_Handler_Table_Base         
00003ae4  __TI_Handler_Table_Limit        
00003aec  __TI_CINIT_Base                 
00003afc  __TI_CINIT_Limit                
00003afc  __TI_CINIT_Warm                 
20200000  __start___llvm_prf_bits         
20200000  __start___llvm_prf_cnts         
20200000  __stop___llvm_prf_bits          
20200000  __stop___llvm_prf_cnts          
20200000  _sys_memory                     
20200800  _ftable                         
202008f0  recv0_buff                      
20200970  _device                         
202009e8  _stream                         
20200a38  __TI_cleanup_ptr                
20200a3c  __TI_dtors_ptr                  
20200a40  __TI_ft_end                     
20200a44  __aeabi_errno                   
20200a48  _lock                           
20200a4c  _unlock                         
20200a8a  recv0_length                    
20200a8e  recv0_flag                      
20200a94  _CIOBUF_                        
20200a94  __CIOBUF_                       
20200bb4  __TI_tmpnams                    
20200c54  parmbuf                         
20207e00  __stack                         
20208000  __STACK_END                     
ffffffff  __TI_pprof_out_hndl             
ffffffff  __TI_prof_data_size             
ffffffff  __TI_prof_data_start            
ffffffff  __binit__                       
ffffffff  binit                           
UNDEFED   __mpu_init                      
UNDEFED   _system_post_cinit              

[242 symbols]
