******************************************************************************
            TI ARM Clang Linker PC v4.0.4                      
******************************************************************************
>> Linked Sat Jun 27 20:06:57 2026

OUTPUT FILE NAME:   <12wayGrayscale.out>
ENTRY POINT SYMBOL: "_c_int00_noargs"  address: 00000649


MEMORY CONFIGURATION

         name            origin    length      used     unused   attr    fill
----------------------  --------  ---------  --------  --------  ----  --------
  FLASH                 00000000   00020000  00000790  0001f870  R  X
  SRAM                  20200000   00008000  00000283  00007d7d  RW X
  BCR_CONFIG            41c00000   000000ff  00000000  000000ff  R   
  BSL_CONFIG            41c00100   00000080  00000000  00000080  R   


SEGMENT ALLOCATION MAP

run origin  load origin   length   init length attrs members
----------  ----------- ---------- ----------- ----- -------
00000000    00000000    00000790   00000790    r-x
  00000000    00000000    000000c0   000000c0    r-- .intvecs
  000000c0    000000c0    00000668   00000668    r-x .text
  00000728    00000728    00000050   00000050    r-- .rodata
  00000778    00000778    00000018   00000018    r-- .cinit
20200000    20200000    00000083   00000000    rw-
  20200000    20200000    00000083   00000000    rw- .data
20207e00    20207e00    00000200   00000000    rw-
  20207e00    20207e00    00000200   00000000    rw- .stack


SECTION ALLOCATION MAP

 output                                  attributes/
section   page    origin      length       input sections
--------  ----  ----------  ----------   ----------------
.intvecs   0    00000000    000000c0     
                  00000000    000000c0     startup_mspm0g350x_ticlang.o (.intvecs)

.text      0    000000c0    00000668     
                  000000c0    000001c0     grayscale.o (.text.Grayscale_Print)
                  00000280    0000009a     libc.a : memcpy16.S.obj (.text:memcpy)
                  0000031a    00000002     startup_mspm0g350x_ticlang.o (.text.Default_Handler)
                  0000031c    0000007c     libc.a : copy_decompress_lzss.c.obj (.text:decompress:lzss)
                  00000398    00000078     ti_msp_dl_config.o (.text.SYSCFG_DL_GPIO_init)
                  00000410    00000060     ti_msp_dl_config.o (.text.SYSCFG_DL_UART_0_init)
                  00000470    00000048     driverlib.a : dl_uart.o (.text.DL_UART_init)
                  000004b8    00000044     usart.o (.text.UART0_IRQHandler)
                  000004fc    00000040     ti_msp_dl_config.o (.text.SYSCFG_DL_SYSCTL_init)
                  0000053c    00000040     delay.o (.text.delay_ms)
                  0000057c    0000003c     libc.a : autoinit.c.obj (.text:__TI_auto_init_nobinit_nopinit)
                  000005b8    00000034     ti_msp_dl_config.o (.text.SYSCFG_DL_initPower)
                  000005ec    00000030     usart.o (.text.USART_SendString)
                  0000061c    0000002c     empty.o (.text.main)
                  00000648    00000028     libc.a : boot_cortex_m.c.obj (.text:_c_int00_noargs)
                  00000670    0000001c     ti_msp_dl_config.o (.text.SYSCFG_DL_SYSTICK_init)
                  0000068c    0000001c     usart.o (.text.USART_SendData)
                  000006a8    00000018     ti_msp_dl_config.o (.text.SYSCFG_DL_init)
                  000006c0    00000018     usart.o (.text.USART_Init)
                  000006d8    00000012     driverlib.a : dl_uart.o (.text.DL_UART_setClockConfig)
                  000006ea    00000012     libc.a : copy_decompress_none.c.obj (.text:decompress:none)
                  000006fc    0000000a     driverlib.a : dl_common.o (.text.DL_Common_delayCycles)
                  00000706    00000002     --HOLE-- [fill = 0]
                  00000708    00000008     libclang_rt.builtins.a : aeabi_memcpy.S.obj (.text.__aeabi_memcpy)
                  00000710    00000006     libc.a : exit.c.obj (.text:abort)
                  00000716    00000004     libsysbm.a : hostexit.c.obj (.text.HOSTexit)
                  0000071a    00000004     startup_mspm0g350x_ticlang.o (.text.Reset_Handler)
                  0000071e    00000004     libc.a : pre_init.c.obj (.text._system_pre_init)
                  00000722    00000006     --HOLE-- [fill = 0]

.cinit     0    00000778    00000018     
                  00000778    00000008     (.cinit..data.load) [load image, compression = lzss]
                  00000780    00000008     (__TI_handler_table)
                  00000788    00000008     (__TI_cinit_table)

.rodata    0    00000728    00000050     
                  00000728    00000030     grayscale.o (.rodata.gGrayscalePins)
                  00000758    0000000c     grayscale.o (.rodata.str1.4195126539944322128.1)
                  00000764    0000000a     ti_msp_dl_config.o (.rodata.gUART_0Config)
                  0000076e    00000003     grayscale.o (.rodata.str1.11809198807670457827.1)
                  00000771    00000002     ti_msp_dl_config.o (.rodata.gUART_0ClockConfig)
                  00000773    00000005     --HOLE-- [fill = 0]

.init_array 
*          0    00000000    00000000     UNINITIALIZED

.binit     0    00000000    00000000     

.data      0    20200000    00000083     UNINITIALIZED
                  20200000    00000080     usart.o (.data.recv0_buff)
                  20200080    00000002     usart.o (.data.recv0_length)
                  20200082    00000001     usart.o (.data.recv0_flag)

.stack     0    20207e00    00000200     UNINITIALIZED
                  20207e00    00000004     libc.a : boot_cortex_m.c.obj (.stack)
                  20207e04    000001fc     --HOLE--

__llvm_prf_cnts 
*          0    20200000    00000000     UNINITIALIZED

__llvm_prf_bits 
*          0    20200000    00000000     UNINITIALIZED

MODULE SUMMARY

       Module                         code   ro data   rw data
       ------                         ----   -------   -------
    .\
       grayscale.o                    448    63        0      
       ti_msp_dl_config.o             384    12        0      
       usart.o                        168    0         131    
       startup_mspm0g350x_ticlang.o   6      192       0      
       delay.o                        64     0         0      
       empty.o                        44     0         0      
    +--+------------------------------+------+---------+---------+
       Total:                         1114   267       131    
                                                              
    D:/ti/mspm0_sdk_2_10_00_04/source/ti/driverlib/lib/ticlang/m0p/mspm0g1x0x_g3x0x/driverlib.a
       dl_uart.o                      90     0         0      
       dl_common.o                    10     0         0      
    +--+------------------------------+------+---------+---------+
       Total:                         100    0         0      
                                                              
    D:\ti\ccs2050\ccs\tools\compiler\ti-cgt-armllvm_4.0.4.LTS\lib\armv6m-ti-none-eabi/c/libc.a
       memcpy16.S.obj                 154    0         0      
       copy_decompress_lzss.c.obj     124    0         0      
       autoinit.c.obj                 60     0         0      
       boot_cortex_m.c.obj            40     0         0      
       copy_decompress_none.c.obj     18     0         0      
       exit.c.obj                     6      0         0      
       pre_init.c.obj                 4      0         0      
    +--+------------------------------+------+---------+---------+
       Total:                         406    0         0      
                                                              
    D:\ti\ccs2050\ccs\tools\compiler\ti-cgt-armllvm_4.0.4.LTS\lib\armv6m-ti-none-eabi/c/libsysbm.a
       hostexit.c.obj                 4      0         0      
    +--+------------------------------+------+---------+---------+
       Total:                         4      0         0      
                                                              
    D:\ti\ccs2050\ccs\tools\compiler\ti-cgt-armllvm_4.0.4.LTS\lib\armv6m-ti-none-eabi/libclang_rt.builtins.a
       aeabi_memcpy.S.obj             8      0         0      
    +--+------------------------------+------+---------+---------+
       Total:                         8      0         0      
                                                              
       Stack:                         0      0         512    
       Linker Generated:              0      24        0      
    +--+------------------------------+------+---------+---------+
       Grand Total:                   1632   291       643    


LINKER GENERATED COPY TABLES

__TI_cinit_table @ 00000788 records: 1, size/record: 8, table size: 8
	.data: load addr=00000778, load size=00000008 bytes, run addr=20200000, run size=00000083 bytes, compression=lzss


LINKER GENERATED HANDLER TABLE

__TI_handler_table @ 00000780 records: 2, size/record: 4, table size: 8
	index: 0, handler: __TI_decompress_lzss
	index: 1, handler: __TI_decompress_none


GLOBAL SYMBOLS: SORTED ALPHABETICALLY BY Name 

address   name                          
-------   ----                          
0000031b  ADC0_IRQHandler               
0000031b  ADC1_IRQHandler               
0000031b  AES_IRQHandler                
00000716  C$$EXIT                       
0000031b  CANFD0_IRQHandler             
0000031b  DAC0_IRQHandler               
000006fd  DL_Common_delayCycles         
00000471  DL_UART_init                  
000006d9  DL_UART_setClockConfig        
0000031b  DMA_IRQHandler                
0000031b  Default_Handler               
0000031b  GROUP0_IRQHandler             
0000031b  GROUP1_IRQHandler             
000000c1  Grayscale_Print               
00000717  HOSTexit                      
0000031b  HardFault_Handler             
0000031b  I2C0_IRQHandler               
0000031b  I2C1_IRQHandler               
0000031b  NMI_Handler                   
0000031b  PendSV_Handler                
0000031b  RTC_IRQHandler                
0000071b  Reset_Handler                 
0000031b  SPI0_IRQHandler               
0000031b  SPI1_IRQHandler               
0000031b  SVC_Handler                   
00000399  SYSCFG_DL_GPIO_init           
000004fd  SYSCFG_DL_SYSCTL_init         
00000671  SYSCFG_DL_SYSTICK_init        
00000411  SYSCFG_DL_UART_0_init         
000006a9  SYSCFG_DL_init                
000005b9  SYSCFG_DL_initPower           
0000031b  SysTick_Handler               
0000031b  TIMA0_IRQHandler              
0000031b  TIMA1_IRQHandler              
0000031b  TIMG0_IRQHandler              
0000031b  TIMG12_IRQHandler             
0000031b  TIMG6_IRQHandler              
0000031b  TIMG7_IRQHandler              
0000031b  TIMG8_IRQHandler              
000004b9  UART0_IRQHandler              
0000031b  UART1_IRQHandler              
0000031b  UART2_IRQHandler              
0000031b  UART3_IRQHandler              
000006c1  USART_Init                    
0000068d  USART_SendData                
000005ed  USART_SendString              
20208000  __STACK_END                   
00000200  __STACK_SIZE                  
00000000  __TI_ATRegion0_region_sz      
00000000  __TI_ATRegion0_src_addr       
00000000  __TI_ATRegion0_trg_addr       
00000000  __TI_ATRegion1_region_sz      
00000000  __TI_ATRegion1_src_addr       
00000000  __TI_ATRegion1_trg_addr       
00000000  __TI_ATRegion2_region_sz      
00000000  __TI_ATRegion2_src_addr       
00000000  __TI_ATRegion2_trg_addr       
00000788  __TI_CINIT_Base               
00000790  __TI_CINIT_Limit              
00000790  __TI_CINIT_Warm               
00000780  __TI_Handler_Table_Base       
00000788  __TI_Handler_Table_Limit      
0000057d  __TI_auto_init_nobinit_nopinit
0000031d  __TI_decompress_lzss          
000006eb  __TI_decompress_none          
ffffffff  __TI_pprof_out_hndl           
ffffffff  __TI_prof_data_size           
ffffffff  __TI_prof_data_start          
00000000  __TI_static_base__            
00000709  __aeabi_memcpy                
00000709  __aeabi_memcpy4               
00000709  __aeabi_memcpy8               
ffffffff  __binit__                     
UNDEFED   __mpu_init                    
20207e00  __stack                       
20200000  __start___llvm_prf_bits       
20200000  __start___llvm_prf_cnts       
20200000  __stop___llvm_prf_bits        
20200000  __stop___llvm_prf_cnts        
00000649  _c_int00_noargs               
UNDEFED   _system_post_cinit            
0000071f  _system_pre_init              
00000711  abort                         
ffffffff  binit                         
0000053d  delay_ms                      
00000000  interruptVectors              
0000061d  main                          
00000281  memcpy                        
20200000  recv0_buff                    
20200082  recv0_flag                    
20200080  recv0_length                  


GLOBAL SYMBOLS: SORTED BY Symbol Address 

address   name                          
-------   ----                          
00000000  __TI_ATRegion0_region_sz      
00000000  __TI_ATRegion0_src_addr       
00000000  __TI_ATRegion0_trg_addr       
00000000  __TI_ATRegion1_region_sz      
00000000  __TI_ATRegion1_src_addr       
00000000  __TI_ATRegion1_trg_addr       
00000000  __TI_ATRegion2_region_sz      
00000000  __TI_ATRegion2_src_addr       
00000000  __TI_ATRegion2_trg_addr       
00000000  __TI_static_base__            
00000000  interruptVectors              
000000c1  Grayscale_Print               
00000200  __STACK_SIZE                  
00000281  memcpy                        
0000031b  ADC0_IRQHandler               
0000031b  ADC1_IRQHandler               
0000031b  AES_IRQHandler                
0000031b  CANFD0_IRQHandler             
0000031b  DAC0_IRQHandler               
0000031b  DMA_IRQHandler                
0000031b  Default_Handler               
0000031b  GROUP0_IRQHandler             
0000031b  GROUP1_IRQHandler             
0000031b  HardFault_Handler             
0000031b  I2C0_IRQHandler               
0000031b  I2C1_IRQHandler               
0000031b  NMI_Handler                   
0000031b  PendSV_Handler                
0000031b  RTC_IRQHandler                
0000031b  SPI0_IRQHandler               
0000031b  SPI1_IRQHandler               
0000031b  SVC_Handler                   
0000031b  SysTick_Handler               
0000031b  TIMA0_IRQHandler              
0000031b  TIMA1_IRQHandler              
0000031b  TIMG0_IRQHandler              
0000031b  TIMG12_IRQHandler             
0000031b  TIMG6_IRQHandler              
0000031b  TIMG7_IRQHandler              
0000031b  TIMG8_IRQHandler              
0000031b  UART1_IRQHandler              
0000031b  UART2_IRQHandler              
0000031b  UART3_IRQHandler              
0000031d  __TI_decompress_lzss          
00000399  SYSCFG_DL_GPIO_init           
00000411  SYSCFG_DL_UART_0_init         
00000471  DL_UART_init                  
000004b9  UART0_IRQHandler              
000004fd  SYSCFG_DL_SYSCTL_init         
0000053d  delay_ms                      
0000057d  __TI_auto_init_nobinit_nopinit
000005b9  SYSCFG_DL_initPower           
000005ed  USART_SendString              
0000061d  main                          
00000649  _c_int00_noargs               
00000671  SYSCFG_DL_SYSTICK_init        
0000068d  USART_SendData                
000006a9  SYSCFG_DL_init                
000006c1  USART_Init                    
000006d9  DL_UART_setClockConfig        
000006eb  __TI_decompress_none          
000006fd  DL_Common_delayCycles         
00000709  __aeabi_memcpy                
00000709  __aeabi_memcpy4               
00000709  __aeabi_memcpy8               
00000711  abort                         
00000716  C$$EXIT                       
00000717  HOSTexit                      
0000071b  Reset_Handler                 
0000071f  _system_pre_init              
00000780  __TI_Handler_Table_Base       
00000788  __TI_CINIT_Base               
00000788  __TI_Handler_Table_Limit      
00000790  __TI_CINIT_Limit              
00000790  __TI_CINIT_Warm               
20200000  __start___llvm_prf_bits       
20200000  __start___llvm_prf_cnts       
20200000  __stop___llvm_prf_bits        
20200000  __stop___llvm_prf_cnts        
20200000  recv0_buff                    
20200080  recv0_length                  
20200082  recv0_flag                    
20207e00  __stack                       
20208000  __STACK_END                   
ffffffff  __TI_pprof_out_hndl           
ffffffff  __TI_prof_data_size           
ffffffff  __TI_prof_data_start          
ffffffff  __binit__                     
ffffffff  binit                         
UNDEFED   __mpu_init                    
UNDEFED   _system_post_cinit            

[91 symbols]
