******************************************************************************
            TI ARM Clang Linker PC v4.0.4                      
******************************************************************************
>> Linked Sun Jun 28 15:38:17 2026

OUTPUT FILE NAME:   <12way_car.out>
ENTRY POINT SYMBOL: "_c_int00_noargs"  address: 000007fd


MEMORY CONFIGURATION

         name            origin    length      used     unused   attr    fill
----------------------  --------  ---------  --------  --------  ----  --------
  FLASH                 00000000   00020000  000009b0  0001f650  R  X
  SRAM                  20200000   00008000  00000283  00007d7d  RW X
  BCR_CONFIG            41c00000   000000ff  00000000  000000ff  R   
  BSL_CONFIG            41c00100   00000080  00000000  00000080  R   


SEGMENT ALLOCATION MAP

run origin  load origin   length   init length attrs members
----------  ----------- ---------- ----------- ----- -------
00000000    00000000    000009b0   000009b0    r-x
  00000000    00000000    000000c0   000000c0    r-- .intvecs
  000000c0    000000c0    00000880   00000880    r-x .text
  00000940    00000940    00000058   00000058    r-- .rodata
  00000998    00000998    00000018   00000018    r-- .cinit
20200000    20200000    00000083   00000000    rw-
  20200000    20200000    00000083   00000000    rw- .data
20207e00    20207e00    00000200   00000000    rw-
  20207e00    20207e00    00000200   00000000    rw- .stack


SECTION ALLOCATION MAP

 output                                  attributes/
section   page    origin      length       input sections
--------  ----  ----------  ----------   ----------------
.intvecs   0    00000000    000000c0     
                  00000000    000000c0     startup_mspm0g350x_ticlang.o (.intvecs)

.text      0    000000c0    00000880     
                  000000c0    000001c0     grayscale.o (.text.Grayscale_Print)
                  00000280    00000104     driverlib.a : dl_timer.o (.text.DL_Timer_initFourCCPWMMode)
                  00000384    0000009a     libc.a : memcpy16.S.obj (.text:memcpy)
                  0000041e    00000002     startup_mspm0g350x_ticlang.o (.text.Default_Handler)
                  00000420    00000090     ti_msp_dl_config.o (.text.SYSCFG_DL_GPIO_init)
                  000004b0    0000008c     ti_msp_dl_config.o (.text.SYSCFG_DL_PWM_0_init)
                  0000053c    0000007c     libc.a : copy_decompress_lzss.c.obj (.text:decompress:lzss)
                  000005b8    00000060     ti_msp_dl_config.o (.text.SYSCFG_DL_UART_0_init)
                  00000618    00000048     driverlib.a : dl_uart.o (.text.DL_UART_init)
                  00000660    00000044     usart.o (.text.UART0_IRQHandler)
                  000006a4    00000040     ti_msp_dl_config.o (.text.SYSCFG_DL_SYSCTL_init)
                  000006e4    00000040     ti_msp_dl_config.o (.text.SYSCFG_DL_initPower)
                  00000724    00000040     delay.o (.text.delay_ms)
                  00000764    0000003c     libc.a : autoinit.c.obj (.text:__TI_auto_init_nobinit_nopinit)
                  000007a0    00000030     usart.o (.text.USART_SendString)
                  000007d0    0000002c     empty.o (.text.main)
                  000007fc    00000028     libc.a : boot_cortex_m.c.obj (.text:_c_int00_noargs)
                  00000824    0000001c     driverlib.a : dl_timer.o (.text.DL_Timer_setCaptCompUpdateMethod)
                  00000840    0000001c                 : dl_timer.o (.text.DL_Timer_setClockConfig)
                  0000085c    0000001c     ti_msp_dl_config.o (.text.SYSCFG_DL_SYSTICK_init)
                  00000878    0000001c     ti_msp_dl_config.o (.text.SYSCFG_DL_init)
                  00000894    0000001c     usart.o (.text.USART_SendData)
                  000008b0    00000018     driverlib.a : dl_timer.o (.text.DL_Timer_setCaptureCompareOutCtl)
                  000008c8    00000018     usart.o (.text.USART_Init)
                  000008e0    00000012     driverlib.a : dl_uart.o (.text.DL_UART_setClockConfig)
                  000008f2    00000012     libc.a : copy_decompress_none.c.obj (.text:decompress:none)
                  00000904    00000010     driverlib.a : dl_timer.o (.text.DL_Timer_setCaptureCompareValue)
                  00000914    0000000a                 : dl_common.o (.text.DL_Common_delayCycles)
                  0000091e    00000002     --HOLE-- [fill = 0]
                  00000920    00000008     libclang_rt.builtins.a : aeabi_memcpy.S.obj (.text.__aeabi_memcpy)
                  00000928    00000006     libc.a : exit.c.obj (.text:abort)
                  0000092e    00000004     libsysbm.a : hostexit.c.obj (.text.HOSTexit)
                  00000932    00000004     startup_mspm0g350x_ticlang.o (.text.Reset_Handler)
                  00000936    00000004     libc.a : pre_init.c.obj (.text._system_pre_init)
                  0000093a    00000006     --HOLE-- [fill = 0]

.cinit     0    00000998    00000018     
                  00000998    00000008     (.cinit..data.load) [load image, compression = lzss]
                  000009a0    00000008     (__TI_handler_table)
                  000009a8    00000008     (__TI_cinit_table)

.rodata    0    00000940    00000058     
                  00000940    00000030     grayscale.o (.rodata.gGrayscalePins)
                  00000970    0000000c     grayscale.o (.rodata.str1.4195126539944322128.1)
                  0000097c    0000000a     ti_msp_dl_config.o (.rodata.gUART_0Config)
                  00000986    00000002     ti_msp_dl_config.o (.rodata.gUART_0ClockConfig)
                  00000988    00000008     ti_msp_dl_config.o (.rodata.gPWM_0Config)
                  00000990    00000003     ti_msp_dl_config.o (.rodata.gPWM_0ClockConfig)
                  00000993    00000003     grayscale.o (.rodata.str1.11809198807670457827.1)
                  00000996    00000002     --HOLE-- [fill = 0]

.init_array 
*          0    00000000    00000000     UNINITIALIZED

.binit     0    00000000    00000000     

.data      0    20200000    00000083     UNINITIALIZED
                  20200000    00000080     usart.o (.data.recv0_buff)
                  20200080    00000002     usart.o (.data.recv0_length)
                  20200082    00000001     usart.o (.data.recv0_flag)

.stack     0    20207e00    00000200     UNINITIALIZED
                  20207e00    00000004     libc.a : boot_cortex_m.c.obj (.stack)
                  20207e04    000001fc     --HOLE--

__llvm_prf_cnts 
*          0    20200000    00000000     UNINITIALIZED

__llvm_prf_bits 
*          0    20200000    00000000     UNINITIALIZED

MODULE SUMMARY

       Module                         code   ro data   rw data
       ------                         ----   -------   -------
    .\
       ti_msp_dl_config.o             564    23        0      
       grayscale.o                    448    63        0      
       usart.o                        168    0         131    
       startup_mspm0g350x_ticlang.o   6      192       0      
       delay.o                        64     0         0      
       empty.o                        44     0         0      
    +--+------------------------------+------+---------+---------+
       Total:                         1294   278       131    
                                                              
    D:/ti/mspm0_sdk_2_10_00_04/source/ti/driverlib/lib/ticlang/m0p/mspm0g1x0x_g3x0x/driverlib.a
       dl_timer.o                     356    0         0      
       dl_uart.o                      90     0         0      
       dl_common.o                    10     0         0      
    +--+------------------------------+------+---------+---------+
       Total:                         456    0         0      
                                                              
    D:\ti\ccs2050\ccs\tools\compiler\ti-cgt-armllvm_4.0.4.LTS\lib\armv6m-ti-none-eabi/c/libc.a
       memcpy16.S.obj                 154    0         0      
       copy_decompress_lzss.c.obj     124    0         0      
       autoinit.c.obj                 60     0         0      
       boot_cortex_m.c.obj            40     0         0      
       copy_decompress_none.c.obj     18     0         0      
       exit.c.obj                     6      0         0      
       pre_init.c.obj                 4      0         0      
    +--+------------------------------+------+---------+---------+
       Total:                         406    0         0      
                                                              
    D:\ti\ccs2050\ccs\tools\compiler\ti-cgt-armllvm_4.0.4.LTS\lib\armv6m-ti-none-eabi/c/libsysbm.a
       hostexit.c.obj                 4      0         0      
    +--+------------------------------+------+---------+---------+
       Total:                         4      0         0      
                                                              
    D:\ti\ccs2050\ccs\tools\compiler\ti-cgt-armllvm_4.0.4.LTS\lib\armv6m-ti-none-eabi/libclang_rt.builtins.a
       aeabi_memcpy.S.obj             8      0         0      
    +--+------------------------------+------+---------+---------+
       Total:                         8      0         0      
                                                              
       Stack:                         0      0         512    
       Linker Generated:              0      24        0      
    +--+------------------------------+------+---------+---------+
       Grand Total:                   2168   302       643    


LINKER GENERATED COPY TABLES

__TI_cinit_table @ 000009a8 records: 1, size/record: 8, table size: 8
	.data: load addr=00000998, load size=00000008 bytes, run addr=20200000, run size=00000083 bytes, compression=lzss


LINKER GENERATED HANDLER TABLE

__TI_handler_table @ 000009a0 records: 2, size/record: 4, table size: 8
	index: 0, handler: __TI_decompress_lzss
	index: 1, handler: __TI_decompress_none


GLOBAL SYMBOLS: SORTED ALPHABETICALLY BY Name 

address   name                            
-------   ----                            
0000041f  ADC0_IRQHandler                 
0000041f  ADC1_IRQHandler                 
0000041f  AES_IRQHandler                  
0000092e  C$$EXIT                         
0000041f  CANFD0_IRQHandler               
0000041f  DAC0_IRQHandler                 
00000915  DL_Common_delayCycles           
00000281  DL_Timer_initFourCCPWMMode      
00000825  DL_Timer_setCaptCompUpdateMethod
000008b1  DL_Timer_setCaptureCompareOutCtl
00000905  DL_Timer_setCaptureCompareValue 
00000841  DL_Timer_setClockConfig         
00000619  DL_UART_init                    
000008e1  DL_UART_setClockConfig          
0000041f  DMA_IRQHandler                  
0000041f  Default_Handler                 
0000041f  GROUP0_IRQHandler               
0000041f  GROUP1_IRQHandler               
000000c1  Grayscale_Print                 
0000092f  HOSTexit                        
0000041f  HardFault_Handler               
0000041f  I2C0_IRQHandler                 
0000041f  I2C1_IRQHandler                 
0000041f  NMI_Handler                     
0000041f  PendSV_Handler                  
0000041f  RTC_IRQHandler                  
00000933  Reset_Handler                   
0000041f  SPI0_IRQHandler                 
0000041f  SPI1_IRQHandler                 
0000041f  SVC_Handler                     
00000421  SYSCFG_DL_GPIO_init             
000004b1  SYSCFG_DL_PWM_0_init            
000006a5  SYSCFG_DL_SYSCTL_init           
0000085d  SYSCFG_DL_SYSTICK_init          
000005b9  SYSCFG_DL_UART_0_init           
00000879  SYSCFG_DL_init                  
000006e5  SYSCFG_DL_initPower             
0000041f  SysTick_Handler                 
0000041f  TIMA0_IRQHandler                
0000041f  TIMA1_IRQHandler                
0000041f  TIMG0_IRQHandler                
0000041f  TIMG12_IRQHandler               
0000041f  TIMG6_IRQHandler                
0000041f  TIMG7_IRQHandler                
0000041f  TIMG8_IRQHandler                
00000661  UART0_IRQHandler                
0000041f  UART1_IRQHandler                
0000041f  UART2_IRQHandler                
0000041f  UART3_IRQHandler                
000008c9  USART_Init                      
00000895  USART_SendData                  
000007a1  USART_SendString                
20208000  __STACK_END                     
00000200  __STACK_SIZE                    
00000000  __TI_ATRegion0_region_sz        
00000000  __TI_ATRegion0_src_addr         
00000000  __TI_ATRegion0_trg_addr         
00000000  __TI_ATRegion1_region_sz        
00000000  __TI_ATRegion1_src_addr         
00000000  __TI_ATRegion1_trg_addr         
00000000  __TI_ATRegion2_region_sz        
00000000  __TI_ATRegion2_src_addr         
00000000  __TI_ATRegion2_trg_addr         
000009a8  __TI_CINIT_Base                 
000009b0  __TI_CINIT_Limit                
000009b0  __TI_CINIT_Warm                 
000009a0  __TI_Handler_Table_Base         
000009a8  __TI_Handler_Table_Limit        
00000765  __TI_auto_init_nobinit_nopinit  
0000053d  __TI_decompress_lzss            
000008f3  __TI_decompress_none            
ffffffff  __TI_pprof_out_hndl             
ffffffff  __TI_prof_data_size             
ffffffff  __TI_prof_data_start            
00000000  __TI_static_base__              
00000921  __aeabi_memcpy                  
00000921  __aeabi_memcpy4                 
00000921  __aeabi_memcpy8                 
ffffffff  __binit__                       
UNDEFED   __mpu_init                      
20207e00  __stack                         
20200000  __start___llvm_prf_bits         
20200000  __start___llvm_prf_cnts         
20200000  __stop___llvm_prf_bits          
20200000  __stop___llvm_prf_cnts          
000007fd  _c_int00_noargs                 
UNDEFED   _system_post_cinit              
00000937  _system_pre_init                
00000929  abort                           
ffffffff  binit                           
00000725  delay_ms                        
00000000  interruptVectors                
000007d1  main                            
00000385  memcpy                          
20200000  recv0_buff                      
20200082  recv0_flag                      
20200080  recv0_length                    


GLOBAL SYMBOLS: SORTED BY Symbol Address 

address   name                            
-------   ----                            
00000000  __TI_ATRegion0_region_sz        
00000000  __TI_ATRegion0_src_addr         
00000000  __TI_ATRegion0_trg_addr         
00000000  __TI_ATRegion1_region_sz        
00000000  __TI_ATRegion1_src_addr         
00000000  __TI_ATRegion1_trg_addr         
00000000  __TI_ATRegion2_region_sz        
00000000  __TI_ATRegion2_src_addr         
00000000  __TI_ATRegion2_trg_addr         
00000000  __TI_static_base__              
00000000  interruptVectors                
000000c1  Grayscale_Print                 
00000200  __STACK_SIZE                    
00000281  DL_Timer_initFourCCPWMMode      
00000385  memcpy                          
0000041f  ADC0_IRQHandler                 
0000041f  ADC1_IRQHandler                 
0000041f  AES_IRQHandler                  
0000041f  CANFD0_IRQHandler               
0000041f  DAC0_IRQHandler                 
0000041f  DMA_IRQHandler                  
0000041f  Default_Handler                 
0000041f  GROUP0_IRQHandler               
0000041f  GROUP1_IRQHandler               
0000041f  HardFault_Handler               
0000041f  I2C0_IRQHandler                 
0000041f  I2C1_IRQHandler                 
0000041f  NMI_Handler                     
0000041f  PendSV_Handler                  
0000041f  RTC_IRQHandler                  
0000041f  SPI0_IRQHandler                 
0000041f  SPI1_IRQHandler                 
0000041f  SVC_Handler                     
0000041f  SysTick_Handler                 
0000041f  TIMA0_IRQHandler                
0000041f  TIMA1_IRQHandler                
0000041f  TIMG0_IRQHandler                
0000041f  TIMG12_IRQHandler               
0000041f  TIMG6_IRQHandler                
0000041f  TIMG7_IRQHandler                
0000041f  TIMG8_IRQHandler                
0000041f  UART1_IRQHandler                
0000041f  UART2_IRQHandler                
0000041f  UART3_IRQHandler                
00000421  SYSCFG_DL_GPIO_init             
000004b1  SYSCFG_DL_PWM_0_init            
0000053d  __TI_decompress_lzss            
000005b9  SYSCFG_DL_UART_0_init           
00000619  DL_UART_init                    
00000661  UART0_IRQHandler                
000006a5  SYSCFG_DL_SYSCTL_init           
000006e5  SYSCFG_DL_initPower             
00000725  delay_ms                        
00000765  __TI_auto_init_nobinit_nopinit  
000007a1  USART_SendString                
000007d1  main                            
000007fd  _c_int00_noargs                 
00000825  DL_Timer_setCaptCompUpdateMethod
00000841  DL_Timer_setClockConfig         
0000085d  SYSCFG_DL_SYSTICK_init          
00000879  SYSCFG_DL_init                  
00000895  USART_SendData                  
000008b1  DL_Timer_setCaptureCompareOutCtl
000008c9  USART_Init                      
000008e1  DL_UART_setClockConfig          
000008f3  __TI_decompress_none            
00000905  DL_Timer_setCaptureCompareValue 
00000915  DL_Common_delayCycles           
00000921  __aeabi_memcpy                  
00000921  __aeabi_memcpy4                 
00000921  __aeabi_memcpy8                 
00000929  abort                           
0000092e  C$$EXIT                         
0000092f  HOSTexit                        
00000933  Reset_Handler                   
00000937  _system_pre_init                
000009a0  __TI_Handler_Table_Base         
000009a8  __TI_CINIT_Base                 
000009a8  __TI_Handler_Table_Limit        
000009b0  __TI_CINIT_Limit                
000009b0  __TI_CINIT_Warm                 
20200000  __start___llvm_prf_bits         
20200000  __start___llvm_prf_cnts         
20200000  __stop___llvm_prf_bits          
20200000  __stop___llvm_prf_cnts          
20200000  recv0_buff                      
20200080  recv0_length                    
20200082  recv0_flag                      
20207e00  __stack                         
20208000  __STACK_END                     
ffffffff  __TI_pprof_out_hndl             
ffffffff  __TI_prof_data_size             
ffffffff  __TI_prof_data_start            
ffffffff  __binit__                       
ffffffff  binit                           
UNDEFED   __mpu_init                      
UNDEFED   _system_post_cinit              

[97 symbols]
